Archive member included to satisfy reference by file (symbol)

libkiss_fftr.a(kiss_fftr.c.o)
                              CMakeFiles/adc_fft.dir/adc_fft.c.o (kiss_fftr_alloc)
libkiss_fft.a(kiss_fft.c.o)   libkiss_fftr.a(kiss_fftr.c.o) (kiss_fft_alloc)
/usr/lib/gcc/arm-none-eabi/9.2.1/thumb/v6-m/nofp/libgcc.a(_dvmd_tls.o)
                              CMakeFiles/adc_fft.dir/pico-sdk/src/rp2_common/pico_divider/divider_hardware.S.o (__aeabi_idiv0)
/usr/lib/gcc/arm-none-eabi/9.2.1/../../../arm-none-eabi/lib/thumb/v6-m/nofp/libg.a(lib_a-atexit.o)
                              /usr/lib/gcc/arm-none-eabi/9.2.1/../../../arm-none-eabi/lib/thumb/v6-m/nofp/crt0.o (atexit)
/usr/lib/gcc/arm-none-eabi/9.2.1/../../../arm-none-eabi/lib/thumb/v6-m/nofp/libg.a(lib_a-calloc.o)
                              CMakeFiles/adc_fft.dir/pico-sdk/src/rp2_common/pico_malloc/malloc.c.o (calloc)
/usr/lib/gcc/arm-none-eabi/9.2.1/../../../arm-none-eabi/lib/thumb/v6-m/nofp/libg.a(lib_a-callocr.o)
                              /usr/lib/gcc/arm-none-eabi/9.2.1/../../../arm-none-eabi/lib/thumb/v6-m/nofp/libg.a(lib_a-calloc.o) (_calloc_r)
/usr/lib/gcc/arm-none-eabi/9.2.1/../../../arm-none-eabi/lib/thumb/v6-m/nofp/libg.a(lib_a-fini.o)
                              /usr/lib/gcc/arm-none-eabi/9.2.1/../../../arm-none-eabi/lib/thumb/v6-m/nofp/crt0.o (__libc_fini_array)
/usr/lib/gcc/arm-none-eabi/9.2.1/../../../arm-none-eabi/lib/thumb/v6-m/nofp/libg.a(lib_a-fwrite.o)
                              libkiss_fftr.a(kiss_fftr.c.o) (fwrite)
/usr/lib/gcc/arm-none-eabi/9.2.1/../../../arm-none-eabi/lib/thumb/v6-m/nofp/libg.a(lib_a-impure.o)
                              libkiss_fftr.a(kiss_fftr.c.o) (_impure_ptr)
/usr/lib/gcc/arm-none-eabi/9.2.1/../../../arm-none-eabi/lib/thumb/v6-m/nofp/libg.a(lib_a-init.o)
                              /usr/lib/gcc/arm-none-eabi/9.2.1/../../../arm-none-eabi/lib/thumb/v6-m/nofp/crt0.o (__libc_init_array)
/usr/lib/gcc/arm-none-eabi/9.2.1/../../../arm-none-eabi/lib/thumb/v6-m/nofp/libg.a(lib_a-lcltime_r.o)
                              CMakeFiles/adc_fft.dir/pico-sdk/src/common/pico_util/datetime.c.o (localtime_r)
/usr/lib/gcc/arm-none-eabi/9.2.1/../../../arm-none-eabi/lib/thumb/v6-m/nofp/libg.a(lib_a-malloc.o)
                              CMakeFiles/adc_fft.dir/pico-sdk/src/rp2_common/pico_malloc/malloc.c.o (malloc)
/usr/lib/gcc/arm-none-eabi/9.2.1/../../../arm-none-eabi/lib/thumb/v6-m/nofp/libg.a(lib_a-mallocr.o)
                              /usr/lib/gcc/arm-none-eabi/9.2.1/../../../arm-none-eabi/lib/thumb/v6-m/nofp/libg.a(lib_a-callocr.o) (_malloc_r)
/usr/lib/gcc/arm-none-eabi/9.2.1/../../../arm-none-eabi/lib/thumb/v6-m/nofp/libg.a(lib_a-memcmp.o)
                              CMakeFiles/adc_fft.dir/pico-sdk/src/rp2_common/pico_atomic/atomic.c.o (memcmp)
/usr/lib/gcc/arm-none-eabi/9.2.1/../../../arm-none-eabi/lib/thumb/v6-m/nofp/libg.a(lib_a-mktime.o)
                              CMakeFiles/adc_fft.dir/pico-sdk/src/common/pico_util/datetime.c.o (mktime)
/usr/lib/gcc/arm-none-eabi/9.2.1/../../../arm-none-eabi/lib/thumb/v6-m/nofp/libg.a(lib_a-mlock.o)
                              /usr/lib/gcc/arm-none-eabi/9.2.1/../../../arm-none-eabi/lib/thumb/v6-m/nofp/libg.a(lib_a-mallocr.o) (__malloc_lock)
/usr/lib/gcc/arm-none-eabi/9.2.1/../../../arm-none-eabi/lib/thumb/v6-m/nofp/libg.a(lib_a-month_lengths.o)
                              /usr/lib/gcc/arm-none-eabi/9.2.1/../../../arm-none-eabi/lib/thumb/v6-m/nofp/libg.a(lib_a-lcltime_r.o) (__month_lengths)
/usr/lib/gcc/arm-none-eabi/9.2.1/../../../arm-none-eabi/lib/thumb/v6-m/nofp/libg.a(lib_a-realloc.o)
                              CMakeFiles/adc_fft.dir/pico-sdk/src/rp2_common/pico_malloc/malloc.c.o (realloc)
/usr/lib/gcc/arm-none-eabi/9.2.1/../../../arm-none-eabi/lib/thumb/v6-m/nofp/libg.a(lib_a-reallocr.o)
                              /usr/lib/gcc/arm-none-eabi/9.2.1/../../../arm-none-eabi/lib/thumb/v6-m/nofp/libg.a(lib_a-realloc.o) (_realloc_r)
/usr/lib/gcc/arm-none-eabi/9.2.1/../../../arm-none-eabi/lib/thumb/v6-m/nofp/libg.a(lib_a-sbrkr.o)
                              /usr/lib/gcc/arm-none-eabi/9.2.1/../../../arm-none-eabi/lib/thumb/v6-m/nofp/libg.a(lib_a-mallocr.o) (_sbrk_r)
/usr/lib/gcc/arm-none-eabi/9.2.1/../../../arm-none-eabi/lib/thumb/v6-m/nofp/libg.a(lib_a-strlen-stub.o)
                              CMakeFiles/adc_fft.dir/pico-sdk/src/rp2_common/pico_stdio/stdio.c.o (strlen)
/usr/lib/gcc/arm-none-eabi/9.2.1/../../../arm-none-eabi/lib/thumb/v6-m/nofp/libg.a(lib_a-tzcalc_limits.o)
                              /usr/lib/gcc/arm-none-eabi/9.2.1/../../../arm-none-eabi/lib/thumb/v6-m/nofp/libg.a(lib_a-lcltime_r.o) (__tzcalc_limits)
/usr/lib/gcc/arm-none-eabi/9.2.1/../../../arm-none-eabi/lib/thumb/v6-m/nofp/libg.a(lib_a-tzlock.o)
                              /usr/lib/gcc/arm-none-eabi/9.2.1/../../../arm-none-eabi/lib/thumb/v6-m/nofp/libg.a(lib_a-lcltime_r.o) (__tz_lock)
/usr/lib/gcc/arm-none-eabi/9.2.1/../../../arm-none-eabi/lib/thumb/v6-m/nofp/libg.a(lib_a-tzset.o)
[...]
Memory Configuration

Name             Origin             Length             Attributes
FLASH            0x0000000010000000 0x0000000000200000 xr
RAM              0x0000000020000000 0x0000000000040000 xrw
SCRATCH_X        0x0000000020040000 0x0000000000001000 xrw
SCRATCH_Y        0x0000000020041000 0x0000000000001000 xrw
*default*        0x0000000000000000 0xffffffffffffffff

Linker script and memory map

LOAD /usr/lib/gcc/arm-none-eabi/9.2.1/thumb/v6-m/nofp/crti.o
LOAD /usr/lib/gcc/arm-none-eabi/9.2.1/thumb/v6-m/nofp/crtbegin.o
LOAD /usr/lib/gcc/arm-none-eabi/9.2.1/../../../arm-none-eabi/lib/thumb/v6-m/nofp/crt0.o

.flash_begin    0x0000000010000000        0x0
                0x0000000010000000                __flash_binary_start = .

.boot2          0x0000000010000000      0x100
                0x0000000010000000                __boot2_start__ = .
 *(.boot2)
 .boot2         0x0000000010000000      0x100 pico-sdk/src/rp2040/boot_stage2/CMakeFiles/bs2_default_library.dir/bs2_default_padded_checksummed.S.o
                0x0000000010000100                __boot2_end__ = .
                0x0000000000000001                ASSERT (((__boot2_end__ - __boot2_start__) == 0x100), ERROR: Pico second stage bootloader must be 256 bytes in size)

.text           0x0000000010000100     0xc0b4
                0x0000000010000100                __logical_binary_start = .
 *(.vectors)
 .vectors       0x0000000010000100       0xd4 CMakeFiles/adc_fft.dir/pico-sdk/src/rp2_common/pico_crt0/crt0.S.o
                0x0000000010000100                __vectors
                0x0000000010000100                __VECTOR_TABLE
                0x00000000100001c0                isr_invalid
                0x00000000100001c0                __default_isrs_start
                0x00000000100001c2                isr_nmi
                0x00000000100001c4                isr_hardfault
                0x00000000100001c6                isr_svcall
                0x00000000100001c8                isr_pendsv
                0x00000000100001ca                isr_systick
                0x00000000100001cc                isr_irq30
                0x00000000100001cc                __unhandled_user_irq
                0x00000000100001cc                isr_irq13
                0x00000000100001cc                isr_irq27
                0x00000000100001cc                isr_irq31
                0x00000000100001cc                isr_irq5
                0x00000000100001cc                isr_irq11
                0x00000000100001cc                isr_irq23
                0x00000000100001cc                isr_irq18
                0x00000000100001cc                isr_irq28
                0x00000000100001cc                isr_irq19
                0x00000000100001cc                isr_irq0
                0x00000000100001cc                isr_irq6
                0x00000000100001cc                isr_irq22
                0x00000000100001cc                isr_irq17
                0x00000000100001cc                isr_irq14
                0x00000000100001cc                isr_irq2
                0x00000000100001cc                isr_irq10
                0x00000000100001cc                isr_irq8
                0x00000000100001cc                isr_irq24
                0x00000000100001cc                isr_irq1
                0x00000000100001cc                isr_irq7
                0x00000000100001cc                isr_irq21
                0x00000000100001cc                isr_irq20
                0x00000000100001cc                isr_irq15
                0x00000000100001cc                isr_irq25
                0x00000000100001cc                isr_irq4
                0x00000000100001cc                isr_irq16
                0x00000000100001cc                isr_irq29
                0x00000000100001cc                isr_irq26
                0x00000000100001cc                __default_isrs_end
                0x00000000100001cc                isr_irq3
                0x00000000100001cc                isr_irq12
                0x00000000100001cc                isr_irq9
                0x00000000100001d2                unhandled_user_irq_num_in_r0
 *(.binary_info_header)
 .binary_info_header
                0x00000000100001d4       0x14 CMakeFiles/adc_fft.dir/pico-sdk/src/rp2_common/pico_crt0/crt0.S.o
                0x00000000100001e8                __binary_info_header_end = .
 *(.embedded_block)
                0x00000000100001e8                __embedded_block_end = .
 *(.reset)
 .reset         0x00000000100001e8       0x9c CMakeFiles/adc_fft.dir/pico-sdk/src/rp2_common/pico_crt0/crt0.S.o
                0x00000000100001e8                _entry_point
 *(.init)
 .init          0x0000000010000284        0x4 /usr/lib/gcc/arm-none-eabi/9.2.1/thumb/v6-m/nofp/crti.o
                0x0000000010000284                _init
 *(EXCLUDE_FILE(*libm.a: *libc.a:*lib_a-mem*.o *libgcc.a:) .text*)
 .text          0x0000000010000288       0x98 /usr/lib/gcc/arm-none-eabi/9.2.1/thumb/v6-m/nofp/crtbegin.o
 .text.setup    0x0000000010000320       0xc0 CMakeFiles/adc_fft.dir/adc_fft.c.o
                0x0000000010000320                setup
 .text.startup.main
                0x00000000100003e0      0x178 CMakeFiles/adc_fft.dir/adc_fft.c.o
                0x00000000100003e0                main
 .text.gpio_set_function
                0x0000000010000558       0x34 CMakeFiles/adc_fft.dir/pico-sdk/src/rp2_common/hardware_gpio/gpio.c.o
                0x0000000010000558                gpio_set_function
 .text.gpio_set_pulls
                0x000000001000058c       0x34 CMakeFiles/adc_fft.dir/pico-sdk/src/rp2_common/hardware_gpio/gpio.c.o
                0x000000001000058c                gpio_set_pulls
 .text.gpio_set_input_enabled
                0x00000000100005c0       0x28 CMakeFiles/adc_fft.dir/pico-sdk/src/rp2_common/hardware_gpio/gpio.c.o
                0x00000000100005c0                gpio_set_input_enabled
 .text.gpio_init
                0x00000000100005e8       0x40 CMakeFiles/adc_fft.dir/pico-sdk/src/rp2_common/hardware_gpio/gpio.c.o
                0x00000000100005e8                gpio_init
 .text.rp2040_chip_version
                0x0000000010000628        0xc CMakeFiles/adc_fft.dir/pico-sdk/src/rp2040/pico_platform/platform.c.o
                0x0000000010000628                rp2040_chip_version
 .text.panic    0x0000000010000634       0x30 CMakeFiles/adc_fft.dir/pico-sdk/src/rp2_common/pico_platform_panic/panic.c.o
                0x0000000010000634                panic
 .text.hw_claim_or_assert
                0x0000000010000664       0x48 CMakeFiles/adc_fft.dir/pico-sdk/src/common/hardware_claim/claim.c.o
                0x0000000010000664                hw_claim_or_assert
 .text.hw_claim_unused_from_range
                0x00000000100006ac       0x9c CMakeFiles/adc_fft.dir/pico-sdk/src/common/hardware_claim/claim.c.o
                0x00000000100006ac                hw_claim_unused_from_range
 .text.next_striped_spin_lock_num
                0x0000000010000748       0x18 CMakeFiles/adc_fft.dir/pico-sdk/src/rp2_common/hardware_sync/sync.c.o
                0x0000000010000748                next_striped_spin_lock_num
 .text.spin_lock_claim_unused
                0x0000000010000760       0x20 CMakeFiles/adc_fft.dir/pico-sdk/src/rp2_common/hardware_sync/sync.c.o
                0x0000000010000760                spin_lock_claim_unused
 .text.spin_locks_reset
                0x0000000010000780       0x1c CMakeFiles/adc_fft.dir/pico-sdk/src/rp2_common/hardware_sync_spin_lock/sync_spin_lock.c.o
                0x0000000010000780                spin_locks_reset
 .text.runtime_init_per_core_irq_priorities
                0x000000001000079c       0x24 CMakeFiles/adc_fft.dir/pico-sdk/src/rp2_common/hardware_irq/irq.c.o
                0x000000001000079c                runtime_init_per_core_irq_priorities
 .text.irq_set_enabled
                0x00000000100007c0       0x24 CMakeFiles/adc_fft.dir/pico-sdk/src/rp2_common/hardware_irq/irq.c.o
                0x00000000100007c0                irq_set_enabled
 .text.irq_is_enabled
                0x00000000100007e4       0x18 CMakeFiles/adc_fft.dir/pico-sdk/src/rp2_common/hardware_irq/irq.c.o
                0x00000000100007e4                irq_is_enabled
 .text.irq_set_pending
                0x00000000100007fc       0x10 CMakeFiles/adc_fft.dir/pico-sdk/src/rp2_common/hardware_irq/irq.c.o
                0x00000000100007fc                irq_set_pending
 .text.irq_has_shared_handler
                0x000000001000080c       0x2c CMakeFiles/adc_fft.dir/pico-sdk/src/rp2_common/hardware_irq/irq.c.o
                0x000000001000080c                irq_has_shared_handler
 .text.irq_set_exclusive_handler
                0x0000000010000838       0x54 CMakeFiles/adc_fft.dir/pico-sdk/src/rp2_common/hardware_irq/irq.c.o
                0x0000000010000838                irq_set_exclusive_handler
 .text.irq_add_shared_handler
                0x000000001000088c      0x1c4 CMakeFiles/adc_fft.dir/pico-sdk/src/rp2_common/hardware_irq/irq.c.o
                0x000000001000088c                irq_add_shared_handler
 .text.irq_remove_handler
                0x0000000010000a50      0x1c4 CMakeFiles/adc_fft.dir/pico-sdk/src/rp2_common/hardware_irq/irq.c.o
                0x0000000010000a50                irq_remove_handler
 .text.irq_add_tail_to_free_list
                0x0000000010000c14       0xb4 CMakeFiles/adc_fft.dir/pico-sdk/src/rp2_common/hardware_irq/irq.c.o
                0x0000000010000c14                irq_add_tail_to_free_list
 .text.user_irq_claim_unused
                0x0000000010000cc8       0x28 CMakeFiles/adc_fft.dir/pico-sdk/src/rp2_common/hardware_irq/irq.c.o
                0x0000000010000cc8                user_irq_claim_unused
 .text.lock_init
                0x0000000010000cf0       0x10 CMakeFiles/adc_fft.dir/pico-sdk/src/common/pico_sync/lock_core.c.o
                0x0000000010000cf0                lock_init
 .text.runtime_init_mutex
                0x0000000010000d00       0x58 CMakeFiles/adc_fft.dir/pico-sdk/src/common/pico_sync/mutex.c.o
                0x0000000010000d00                runtime_init_mutex
 .text.mutex_init
                0x0000000010000d58       0x1c CMakeFiles/adc_fft.dir/pico-sdk/src/common/pico_sync/mutex.c.o
                0x0000000010000d58                mutex_init
 .text.critical_section_init
                0x0000000010000d74       0x1c CMakeFiles/adc_fft.dir/pico-sdk/src/common/pico_sync/critical_section.c.o
                0x0000000010000d74                critical_section_init
 .text.critical_section_init_with_lock_num
                0x0000000010000d90       0x14 CMakeFiles/adc_fft.dir/pico-sdk/src/common/pico_sync/critical_section.c.o
                0x0000000010000d90                critical_section_init_with_lock_num
 .text.sleep_until_callback
                0x0000000010000da4       0x30 CMakeFiles/adc_fft.dir/pico-sdk/src/common/pico_time/time.c.o
 .text.alarm_pool_irq_handler
                0x0000000010000dd4      0x30c CMakeFiles/adc_fft.dir/pico-sdk/src/common/pico_time/time.c.o
 .text.runtime_init_default_alarm_pool
                0x00000000100010e0       0xdc CMakeFiles/adc_fft.dir/pico-sdk/src/common/pico_time/time.c.o
                0x00000000100010e0                runtime_init_default_alarm_pool
 .text.alarm_pool_get_default
                0x00000000100011bc        0x8 CMakeFiles/adc_fft.dir/pico-sdk/src/common/pico_time/time.c.o
                0x00000000100011bc                alarm_pool_get_default
 .text.alarm_pool_add_alarm_at
                0x00000000100011c4       0xc8 CMakeFiles/adc_fft.dir/pico-sdk/src/common/pico_time/time.c.o
                0x00000000100011c4                alarm_pool_add_alarm_at
 .text.alarm_pool_add_alarm_at_force_in_context
                0x000000001000128c       0xa8 CMakeFiles/adc_fft.dir/pico-sdk/src/common/pico_time/time.c.o
                0x000000001000128c                alarm_pool_add_alarm_at_force_in_context
 .text.alarm_pool_cancel_alarm
                0x0000000010001334       0x7c CMakeFiles/adc_fft.dir/pico-sdk/src/common/pico_time/time.c.o
                0x0000000010001334                alarm_pool_cancel_alarm
 .text.alarm_pool_core_num
                0x00000000100013b0        0x4 CMakeFiles/adc_fft.dir/pico-sdk/src/common/pico_time/time.c.o
                0x00000000100013b0                alarm_pool_core_num
 .text.sleep_until
                0x00000000100013b4       0xd0 CMakeFiles/adc_fft.dir/pico-sdk/src/common/pico_time/time.c.o
                0x00000000100013b4                sleep_until
 .text.sleep_ms
                0x0000000010001484       0x34 CMakeFiles/adc_fft.dir/pico-sdk/src/common/pico_time/time.c.o
                0x0000000010001484                sleep_ms
 .text.best_effort_wfe_or_timeout
                0x00000000100014b8       0xe0 CMakeFiles/adc_fft.dir/pico-sdk/src/common/pico_time/time.c.o
                0x00000000100014b8                best_effort_wfe_or_timeout
 .text.timer_hardware_alarm_claim
                0x0000000010001598       0x14 CMakeFiles/adc_fft.dir/pico-sdk/src/rp2_common/hardware_timer/timer.c.o
                0x0000000010001598                timer_hardware_alarm_claim
 .text.timer_time_us_64
                0x00000000100015ac       0x10 CMakeFiles/adc_fft.dir/pico-sdk/src/rp2_common/hardware_timer/timer.c.o
                0x00000000100015ac                timer_time_us_64
 .text.time_us_64
                0x00000000100015bc       0x14 CMakeFiles/adc_fft.dir/pico-sdk/src/rp2_common/hardware_timer/timer.c.o
                0x00000000100015bc                time_us_64
 .text.busy_wait_us
                0x00000000100015d0       0x54 CMakeFiles/adc_fft.dir/pico-sdk/src/rp2_common/hardware_timer/timer.c.o
                0x00000000100015d0                busy_wait_us
 .text.busy_wait_until
                0x0000000010001624       0x20 CMakeFiles/adc_fft.dir/pico-sdk/src/rp2_common/hardware_timer/timer.c.o
                0x0000000010001624                busy_wait_until
 .text.uart_init
                0x0000000010001644      0x11c CMakeFiles/adc_fft.dir/pico-sdk/src/rp2_common/hardware_uart/uart.c.o
                0x0000000010001644                uart_init
 .text.clock_configure_int_divider
                0x0000000010001760       0xf4 CMakeFiles/adc_fft.dir/pico-sdk/src/rp2_common/hardware_clocks/clocks.c.o
                0x0000000010001760                clock_configure_int_divider
 .text.clock_configure_undivided
                0x0000000010001854       0xe4 CMakeFiles/adc_fft.dir/pico-sdk/src/rp2_common/hardware_clocks/clocks.c.o
                0x0000000010001854                clock_configure_undivided
 .text.clock_get_hz
                0x0000000010001938        0xc CMakeFiles/adc_fft.dir/pico-sdk/src/rp2_common/hardware_clocks/clocks.c.o
                0x0000000010001938                clock_get_hz
 .text.pll_init
                0x0000000010001944       0xa0 CMakeFiles/adc_fft.dir/pico-sdk/src/rp2_common/hardware_pll/pll.c.o
                0x0000000010001944                pll_init
 .text.watchdog_reboot
                0x00000000100019e4       0x98 CMakeFiles/adc_fft.dir/pico-sdk/src/rp2_common/hardware_watchdog/watchdog.c.o
                0x00000000100019e4                watchdog_reboot
 .text.tick_start
                0x0000000010001a7c       0x10 CMakeFiles/adc_fft.dir/pico-sdk/src/rp2_common/hardware_ticks/ticks.c.o
                0x0000000010001a7c                tick_start
 .text.rom_func_lookup
                0x0000000010001a8c       0x10 CMakeFiles/adc_fft.dir/pico-sdk/src/rp2_common/pico_bootrom/bootrom.c.o
                0x0000000010001a8c                rom_func_lookup
 .text.rom_data_lookup
                0x0000000010001a9c       0x10 CMakeFiles/adc_fft.dir/pico-sdk/src/rp2_common/pico_bootrom/bootrom.c.o
                0x0000000010001a9c                rom_data_lookup
 .text.rom_funcs_lookup
                0x0000000010001aac       0x3c CMakeFiles/adc_fft.dir/pico-sdk/src/rp2_common/pico_bootrom/bootrom.c.o
                0x0000000010001aac                rom_funcs_lookup
 .text.rom_reset_usb_boot_extra
                0x0000000010001ae8       0x28 CMakeFiles/adc_fft.dir/pico-sdk/src/rp2_common/pico_bootrom/bootrom.c.o
                0x0000000010001ae8                rom_reset_usb_boot_extra
 .text.xosc_init
                0x0000000010001b10       0x28 CMakeFiles/adc_fft.dir/pico-sdk/src/rp2_common/hardware_xosc/xosc.c.o
                0x0000000010001b10                xosc_init
 .text.first_per_core_initializer
                0x0000000010001b38        0x4 CMakeFiles/adc_fft.dir/pico-sdk/src/rp2_common/pico_runtime/runtime.c.o
 .text.hard_assertion_failure
                0x0000000010001b3c        0xc CMakeFiles/adc_fft.dir/pico-sdk/src/rp2_common/pico_runtime/runtime.c.o
                0x0000000010001b3c                hard_assertion_failure
 .text.runtime_run_initializers
                0x0000000010001b48       0x28 CMakeFiles/adc_fft.dir/pico-sdk/src/rp2_common/pico_runtime/runtime.c.o
                0x0000000010001b48                runtime_run_initializers
 .text.runtime_init_early_resets
                0x0000000010001b70       0x2c CMakeFiles/adc_fft.dir/pico-sdk/src/rp2_common/pico_runtime_init/runtime_init.c.o
                0x0000000010001b70                runtime_init_early_resets
 .text.runtime_init_usb_power_down
                0x0000000010001b9c       0x1c CMakeFiles/adc_fft.dir/pico-sdk/src/rp2_common/pico_runtime_init/runtime_init.c.o
                0x0000000010001b9c                runtime_init_usb_power_down
 .text.runtime_init_post_clock_resets
                0x0000000010001bb8       0x20 CMakeFiles/adc_fft.dir/pico-sdk/src/rp2_common/pico_runtime_init/runtime_init.c.o
                0x0000000010001bb8                runtime_init_post_clock_resets
 .text.runtime_init_rp2040_gpio_ie_disable
                0x0000000010001bd8       0x14 CMakeFiles/adc_fft.dir/pico-sdk/src/rp2_common/pico_runtime_init/runtime_init.c.o
                0x0000000010001bd8                runtime_init_rp2040_gpio_ie_disable
 .text.runtime_init_spin_locks_reset
                0x0000000010001bec        0x8 CMakeFiles/adc_fft.dir/pico-sdk/src/rp2_common/pico_runtime_init/runtime_init.c.o
                0x0000000010001bec                runtime_init_spin_locks_reset
 .text.runtime_init_install_ram_vector_table
                0x0000000010001bf4       0x1c CMakeFiles/adc_fft.dir/pico-sdk/src/rp2_common/pico_runtime_init/runtime_init.c.o
                0x0000000010001bf4                runtime_init_install_ram_vector_table
 .text.runtime_init_clocks
                0x0000000010001c10       0xd8 CMakeFiles/adc_fft.dir/pico-sdk/src/rp2_common/pico_runtime_init/runtime_init_clocks.c.o
                0x0000000010001c10                runtime_init_clocks
 .text          0x0000000010001ce8       0x10 CMakeFiles/adc_fft.dir/pico-sdk/src/rp2_common/pico_bit_ops/bit_ops_aeabi.S.o
 .text.__wrap___aeabi_idiv
                0x0000000010001cf8       0x50 CMakeFiles/adc_fft.dir/pico-sdk/src/rp2_common/pico_divider/divider_hardware.S.o
                0x0000000010001cf8                __wrap___aeabi_idivmod
                0x0000000010001cf8                divmod_s32s32
                0x0000000010001cf8                div_s32s32
                0x0000000010001cf8                __wrap___aeabi_idiv
                0x0000000010001d00                divmod_s32s32_unsafe
                0x0000000010001d2c                divmod_s32s32_savestate
 .text.__wrap___aeabi_uidiv
                0x0000000010001d48       0x4c CMakeFiles/adc_fft.dir/pico-sdk/src/rp2_common/pico_divider/divider_hardware.S.o
                0x0000000010001d48                __wrap___aeabi_uidiv
                0x0000000010001d48                __wrap___aeabi_uidivmod
                0x0000000010001d48                div_u32u32
                0x0000000010001d48                divmod_u32u32
                0x0000000010001d50                divmod_u32u32_unsafe
                0x0000000010001d78                divmod_u32u32_savestate
 .text.__wrap___aeabi_ldiv
                0x0000000010001d94      0x424 CMakeFiles/adc_fft.dir/pico-sdk/src/rp2_common/pico_divider/divider_hardware.S.o
                0x0000000010001d94                div_s64s64
                0x0000000010001d94                divmod_s64s64
                0x0000000010001d94                __wrap___aeabi_ldivmod
                0x0000000010001dc4                div_u64u64
                0x0000000010001dc4                divmod_u64u64
                0x0000000010001dc4                __wrap___aeabi_uldivmod
                0x0000000010001dd4                divmod_u64u64_savestate
                0x0000000010001df4                divmod_s64s64_unsafe
                0x0000000010001e7c                divmod_u64u64_unsafe
 .text.__wrap___aeabi_darithmetic
                0x00000000100021b8       0x60 CMakeFiles/adc_fft.dir/pico-sdk/src/rp2_common/pico_double/double_aeabi_rp2040.S.o
                0x00000000100021b8                __wrap___aeabi_drsub
                0x00000000100021be                __wrap___aeabi_dsub
                0x00000000100021c8                __wrap___aeabi_dadd
                0x00000000100021d2                __wrap___aeabi_ddiv
                0x0000000010002206                __wrap___aeabi_dmul
 .text.__wrap___aeabi_cdcmple
                0x0000000010002218       0x6c CMakeFiles/adc_fft.dir/pico-sdk/src/rp2_common/pico_double/double_aeabi_rp2040.S.o
                0x0000000010002218                __wrap___aeabi_cdrcmple
                0x0000000010002228                __wrap___aeabi_cdcmple
                0x0000000010002228                __wrap___aeabi_cdcmpeq
 .text.__wrap___aeabi_dcmplt
                0x0000000010002284        0xc CMakeFiles/adc_fft.dir/pico-sdk/src/rp2_common/pico_double/double_aeabi_rp2040.S.o
                0x0000000010002284                __wrap___aeabi_dcmplt
 .text.__wrap___aeabi_dcmple
                0x0000000010002290       0x10 CMakeFiles/adc_fft.dir/pico-sdk/src/rp2_common/pico_double/double_aeabi_rp2040.S.o
                0x0000000010002290                __wrap___aeabi_dcmple
 .text.__wrap___aeabi_dcmpge
                0x00000000100022a0       0x10 CMakeFiles/adc_fft.dir/pico-sdk/src/rp2_common/pico_double/double_aeabi_rp2040.S.o
                0x00000000100022a0                __wrap___aeabi_dcmpge
 .text.__wrap___aeabi_dcmpgt
                0x00000000100022b0        0xa CMakeFiles/adc_fft.dir/pico-sdk/src/rp2_common/pico_double/double_aeabi_rp2040.S.o
                0x00000000100022b0                __wrap___aeabi_dcmpgt
 .text.__wrap___aeabi_dcmpun
                0x00000000100022ba       0x18 CMakeFiles/adc_fft.dir/pico-sdk/src/rp2_common/pico_double/double_aeabi_rp2040.S.o
                0x00000000100022ba                __wrap___aeabi_dcmpun
 *fill*         0x00000000100022d2        0x2 
 .text.__wrap___aeabi_i2d
                0x00000000100022d4       0x38 CMakeFiles/adc_fft.dir/pico-sdk/src/rp2_common/pico_double/double_aeabi_rp2040.S.o
                0x00000000100022d4                __wrap___aeabi_ui2d
                0x00000000100022dc                __wrap___aeabi_i2d
 .text.__wrap___aeabi_d2iz
                0x000000001000230c       0x48 CMakeFiles/adc_fft.dir/pico-sdk/src/rp2_common/pico_double/double_aeabi_rp2040.S.o
                0x000000001000230c                __wrap___aeabi_d2iz
                0x000000001000230c                double2int_z
 .text.__wrap___aeabi_d2uiz
                0x0000000010002354       0x10 CMakeFiles/adc_fft.dir/pico-sdk/src/rp2_common/pico_double/double_aeabi_rp2040.S.o
                0x0000000010002354                double2uint
                0x0000000010002354                __wrap___aeabi_d2uiz
 .text.fix642double
                0x0000000010002364       0x10 CMakeFiles/adc_fft.dir/pico-sdk/src/rp2_common/pico_double/double_aeabi_rp2040.S.o
                0x0000000010002364                fix642double
 .text.__wrap___aeabi_d2f
                0x0000000010002374       0x10 CMakeFiles/adc_fft.dir/pico-sdk/src/rp2_common/pico_double/double_aeabi_rp2040.S.o
                0x0000000010002374                __wrap___aeabi_d2f
 .text.__wrap_srqt
                0x0000000010002384       0x10 CMakeFiles/adc_fft.dir/pico-sdk/src/rp2_common/pico_double/double_aeabi_rp2040.S.o
                0x0000000010002384                __wrap_sqrt
 .text.__wrap_sincostan_remainder
                0x0000000010002394       0x14 CMakeFiles/adc_fft.dir/pico-sdk/src/rp2_common/pico_double/double_aeabi_rp2040.S.o
                0x0000000010002394                sincostan_remainder
 .text.__wrap_cos
                0x00000000100023a8       0x24 CMakeFiles/adc_fft.dir/pico-sdk/src/rp2_common/pico_double/double_aeabi_rp2040.S.o
                0x00000000100023a8                __wrap_cos
 .text.__wrap_sin
                0x00000000100023cc       0x24 CMakeFiles/adc_fft.dir/pico-sdk/src/rp2_common/pico_double/double_aeabi_rp2040.S.o
                0x00000000100023cc                __wrap_sin
 .text.missing_double_func_shim
                0x00000000100023f0        0xc CMakeFiles/adc_fft.dir/pico-sdk/src/rp2_common/pico_double/double_init_rom_rp2040.c.o
 .text.__aeabi_double_init
                0x00000000100023fc       0xcc CMakeFiles/adc_fft.dir/pico-sdk/src/rp2_common/pico_double/double_init_rom_rp2040.c.o
                0x00000000100023fc                __aeabi_double_init
 .text.__wrap_floor
                0x00000000100024c8       0x90 CMakeFiles/adc_fft.dir/pico-sdk/src/rp2_common/pico_double/double_math.c.o
                0x00000000100024c8                __wrap_floor
 .text.__wrap_remquo
                0x0000000010002558      0x28c CMakeFiles/adc_fft.dir/pico-sdk/src/rp2_common/pico_double/double_math.c.o
                0x0000000010002558                __wrap_remquo
 .text.__wrap_remainder
                0x00000000100027e4       0x10 CMakeFiles/adc_fft.dir/pico-sdk/src/rp2_common/pico_double/double_math.c.o
                0x00000000100027e4                __wrap_remainder
 .text.double_table_shim_on_use_helper
                0x00000000100027f4       0x2c CMakeFiles/adc_fft.dir/pico-sdk/src/rp2_common/pico_double/double_v1_rom_shim_rp2040.S.o
                0x00000000100027f4                double_table_shim_on_use_helper
 .text.__aeabi_lmul
                0x0000000010002820       0x32 CMakeFiles/adc_fft.dir/pico-sdk/src/rp2_common/pico_int64_ops/pico_int64_ops_aeabi.S.o
                0x0000000010002820                __wrap___aeabi_lmul
 *fill*         0x0000000010002852        0x2 
 .text.__wrap___aeabi_farithmetic
                0x0000000010002854       0x48 CMakeFiles/adc_fft.dir/pico-sdk/src/rp2_common/pico_float/float_aeabi_rp2040.S.o
                0x0000000010002854                __wrap___aeabi_frsub
                0x000000001000285a                __wrap___aeabi_fsub
                0x0000000010002860                __wrap___aeabi_fadd
                0x0000000010002866                __wrap___aeabi_fdiv
                0x000000001000288e                __wrap___aeabi_fmul
 .text.__wrap___aeabi_cfcmple
                0x000000001000289c       0x50 CMakeFiles/adc_fft.dir/pico-sdk/src/rp2_common/pico_float/float_aeabi_rp2040.S.o
                0x000000001000289c                __wrap___aeabi_cfrcmple
                0x00000000100028a8                __wrap___aeabi_cfcmpeq
                0x00000000100028a8                __wrap___aeabi_cfcmple
 .text.__wrap___aeabi_fcmpgt
                0x00000000100028ec        0xa CMakeFiles/adc_fft.dir/pico-sdk/src/rp2_common/pico_float/float_aeabi_rp2040.S.o
                0x00000000100028ec                __wrap___aeabi_fcmpgt
 .text.__wrap___aeabi_ui2f
                0x00000000100028f6        0xa CMakeFiles/adc_fft.dir/pico-sdk/src/rp2_common/pico_float/float_aeabi_rp2040.S.o
                0x00000000100028f6                uint2float
                0x00000000100028f6                __wrap___aeabi_ui2f
 .text.__wrap___aeabi_i2f
                0x0000000010002900       0x44 CMakeFiles/adc_fft.dir/pico-sdk/src/rp2_common/pico_float/float_aeabi_rp2040.S.o
                0x0000000010002900                int2float
                0x0000000010002900                __wrap___aeabi_i2f
 .text.__wrap___aeabi_ul2f
                0x0000000010002944       0x18 CMakeFiles/adc_fft.dir/pico-sdk/src/rp2_common/pico_float/float_aeabi_rp2040.S.o
                0x0000000010002948                __wrap___aeabi_ul2f
                0x0000000010002948                uint642float
 .text.__wrap___aeabi_f2d
                0x000000001000295c        0xc CMakeFiles/adc_fft.dir/pico-sdk/src/rp2_common/pico_float/float_aeabi_rp2040.S.o
                0x000000001000295c                __wrap___aeabi_f2d
 .text.missing_float_func_shim
                0x0000000010002968        0xc CMakeFiles/adc_fft.dir/pico-sdk/src/rp2_common/pico_float/float_init_rom_rp2040.c.o
 .text.__aeabi_float_init
                0x0000000010002974       0x5c CMakeFiles/adc_fft.dir/pico-sdk/src/rp2_common/pico_float/float_init_rom_rp2040.c.o
                0x0000000010002974                __aeabi_float_init
 .text.__wrap_malloc
                0x00000000100029d0       0x24 CMakeFiles/adc_fft.dir/pico-sdk/src/rp2_common/pico_malloc/malloc.c.o
                0x00000000100029d0                __wrap_malloc
 .text.__wrap_free
                0x00000000100029f4        0x8 CMakeFiles/adc_fft.dir/pico-sdk/src/rp2_common/pico_malloc/malloc.c.o
                0x00000000100029f4                __wrap_free
 .text          0x00000000100029fc       0x10 CMakeFiles/adc_fft.dir/pico-sdk/src/rp2_common/pico_mem_ops/mem_ops_aeabi.S.o
                0x00000000100029fc                __aeabi_mem_init
 .text.memset   0x0000000010002a0c        0xc CMakeFiles/adc_fft.dir/pico-sdk/src/rp2_common/pico_mem_ops/mem_ops_aeabi.S.o
                0x0000000010002a0c                __wrap_memset
 .text.memcpy   0x0000000010002a18        0xc CMakeFiles/adc_fft.dir/pico-sdk/src/rp2_common/pico_mem_ops/mem_ops_aeabi.S.o
                0x0000000010002a18                __wrap___aeabi_memcpy
                0x0000000010002a18                __wrap_memcpy
 .text._out_null
                0x0000000010002a24        0x4 CMakeFiles/adc_fft.dir/pico-sdk/src/rp2_common/pico_printf/printf.c.o
 .text._out_rev
                0x0000000010002a28       0xd0 CMakeFiles/adc_fft.dir/pico-sdk/src/rp2_common/pico_printf/printf.c.o
 .text._ntoa_format
                0x0000000010002af8      0x1d0 CMakeFiles/adc_fft.dir/pico-sdk/src/rp2_common/pico_printf/printf.c.o
 .text._out_char
                0x0000000010002cc8       0x10 CMakeFiles/adc_fft.dir/pico-sdk/src/rp2_common/pico_printf/printf.c.o
 .text._out_fct
                0x0000000010002cd8       0x10 CMakeFiles/adc_fft.dir/pico-sdk/src/rp2_common/pico_printf/printf.c.o
 .text._etoa    0x0000000010002ce8      0x478 CMakeFiles/adc_fft.dir/pico-sdk/src/rp2_common/pico_printf/printf.c.o
 .text._ftoa    0x0000000010003160      0x3e0 CMakeFiles/adc_fft.dir/pico-sdk/src/rp2_common/pico_printf/printf.c.o
 .text._vsnprintf
                0x0000000010003540      0xb08 CMakeFiles/adc_fft.dir/pico-sdk/src/rp2_common/pico_printf/printf.c.o
 .text.vfctprintf
                0x0000000010004048       0x20 CMakeFiles/adc_fft.dir/pico-sdk/src/rp2_common/pico_printf/printf.c.o
                0x0000000010004048                vfctprintf
 .text.weak_raw_vprintf
                0x0000000010004068       0x30 CMakeFiles/adc_fft.dir/pico-sdk/src/rp2_common/pico_printf/printf.c.o
                0x0000000010004068                weak_raw_vprintf
 .text._exit    0x0000000010004098        0x4 CMakeFiles/adc_fft.dir/pico-sdk/src/rp2_common/pico_clib_interface/newlib_interface.c.o
                0x0000000010004098                _exit
 .text._sbrk    0x000000001000409c       0x34 CMakeFiles/adc_fft.dir/pico-sdk/src/rp2_common/pico_clib_interface/newlib_interface.c.o
                0x000000001000409c                _sbrk
 .text._read    0x00000000100040d0       0x24 CMakeFiles/adc_fft.dir/pico-sdk/src/rp2_common/pico_clib_interface/newlib_interface.c.o
                0x00000000100040d0                _read
 .text._write   0x00000000100040f4       0x24 CMakeFiles/adc_fft.dir/pico-sdk/src/rp2_common/pico_clib_interface/newlib_interface.c.o
                0x00000000100040f4                _write
 .text._close   0x0000000010004118        0x8 CMakeFiles/adc_fft.dir/pico-sdk/src/rp2_common/pico_clib_interface/newlib_interface.c.o
                0x0000000010004118                _close
 .text._lseek   0x0000000010004120        0x8 CMakeFiles/adc_fft.dir/pico-sdk/src/rp2_common/pico_clib_interface/newlib_interface.c.o
                0x0000000010004120                _lseek
 .text._fstat   0x0000000010004128        0x8 CMakeFiles/adc_fft.dir/pico-sdk/src/rp2_common/pico_clib_interface/newlib_interface.c.o
                0x0000000010004128                _fstat
 .text._isatty  0x0000000010004130        0xc CMakeFiles/adc_fft.dir/pico-sdk/src/rp2_common/pico_clib_interface/newlib_interface.c.o
                0x0000000010004130                _isatty
 .text.exit     0x000000001000413c        0x8 CMakeFiles/adc_fft.dir/pico-sdk/src/rp2_common/pico_clib_interface/newlib_interface.c.o
                0x000000001000413c                exit
 .text.runtime_init
                0x0000000010004144       0x2c CMakeFiles/adc_fft.dir/pico-sdk/src/rp2_common/pico_clib_interface/newlib_interface.c.o
                0x0000000010004144                runtime_init
 .text.stdio_out_chars_no_crlf
                0x0000000010004170       0x10 CMakeFiles/adc_fft.dir/pico-sdk/src/rp2_common/pico_stdio/stdio.c.o
 .text.stdio_out_chars_crlf
                0x0000000010004180       0x94 CMakeFiles/adc_fft.dir/pico-sdk/src/rp2_common/pico_stdio/stdio.c.o
 .text.stdio_buffered_printer
                0x0000000010004214       0x64 CMakeFiles/adc_fft.dir/pico-sdk/src/rp2_common/pico_stdio/stdio.c.o
 .text.stdio_put_string
                0x0000000010004278      0x100 CMakeFiles/adc_fft.dir/pico-sdk/src/rp2_common/pico_stdio/stdio.c.o
                0x0000000010004278                stdio_put_string
 .text.stdio_get_until
                0x0000000010004378       0x84 CMakeFiles/adc_fft.dir/pico-sdk/src/rp2_common/pico_stdio/stdio.c.o
                0x0000000010004378                stdio_get_until
 .text.stdio_set_driver_enabled
                0x00000000100043fc       0x30 CMakeFiles/adc_fft.dir/pico-sdk/src/rp2_common/pico_stdio/stdio.c.o
                0x00000000100043fc                stdio_set_driver_enabled
 .text.stdio_init_all
                0x000000001000442c       0x10 CMakeFiles/adc_fft.dir/pico-sdk/src/rp2_common/pico_stdio/stdio.c.o
                0x000000001000442c                stdio_init_all
 .text.__wrap_putchar
                0x000000001000443c       0x98 CMakeFiles/adc_fft.dir/pico-sdk/src/rp2_common/pico_stdio/stdio.c.o
                0x000000001000443c                stdio_putchar
                0x000000001000443c                __wrap_putchar
 .text.__wrap_puts
                0x00000000100044d4       0x3c CMakeFiles/adc_fft.dir/pico-sdk/src/rp2_common/pico_stdio/stdio.c.o
                0x00000000100044d4                __wrap_puts
                0x00000000100044d4                stdio_puts
 .text.__wrap_vprintf
                0x0000000010004510       0xd8 CMakeFiles/adc_fft.dir/pico-sdk/src/rp2_common/pico_stdio/stdio.c.o
                0x0000000010004510                __wrap_vprintf
                0x0000000010004510                stdio_vprintf
 .text.__wrap_printf
                0x00000000100045e8       0x18 CMakeFiles/adc_fft.dir/pico-sdk/src/rp2_common/pico_stdio/stdio.c.o
                0x00000000100045e8                stdio_printf
                0x00000000100045e8                __wrap_printf
 .text.stdio_uart_out_chars
                0x0000000010004600       0x4c CMakeFiles/adc_fft.dir/pico-sdk/src/rp2_common/pico_stdio_uart/stdio_uart.c.o
 .text.stdio_uart_in_chars
                0x000000001000464c       0x84 CMakeFiles/adc_fft.dir/pico-sdk/src/rp2_common/pico_stdio_uart/stdio_uart.c.o
                0x000000001000464c                stdio_uart_in_chars
 .text.on_uart_rx
                0x00000000100046d0       0x28 CMakeFiles/adc_fft.dir/pico-sdk/src/rp2_common/pico_stdio_uart/stdio_uart.c.o
 .text.stdio_uart_out_flush
                0x00000000100046f8       0x14 CMakeFiles/adc_fft.dir/pico-sdk/src/rp2_common/pico_stdio_uart/stdio_uart.c.o
 .text.stdio_uart_set_chars_available_callback
                0x000000001000470c       0x88 CMakeFiles/adc_fft.dir/pico-sdk/src/rp2_common/pico_stdio_uart/stdio_uart.c.o
 .text.stdio_uart_init
                0x0000000010004794       0x50 CMakeFiles/adc_fft.dir/pico-sdk/src/rp2_common/pico_stdio_uart/stdio_uart.c.o
                0x0000000010004794                stdio_uart_init
 .text.resetd_init
                0x00000000100047e4        0x4 CMakeFiles/adc_fft.dir/pico-sdk/src/rp2_common/pico_stdio_usb/reset_interface.c.o
 .text.resetd_reset
                0x00000000100047e8        0xc CMakeFiles/adc_fft.dir/pico-sdk/src/rp2_common/pico_stdio_usb/reset_interface.c.o
 .text.resetd_open
                0x00000000100047f4       0x28 CMakeFiles/adc_fft.dir/pico-sdk/src/rp2_common/pico_stdio_usb/reset_interface.c.o
 .text.resetd_xfer_cb
                0x000000001000481c        0x4 CMakeFiles/adc_fft.dir/pico-sdk/src/rp2_common/pico_stdio_usb/reset_interface.c.o
 .text.resetd_control_xfer_cb
                0x0000000010004820       0x60 CMakeFiles/adc_fft.dir/pico-sdk/src/rp2_common/pico_stdio_usb/reset_interface.c.o
 .text.tud_descriptor_bos_cb
                0x0000000010004880        0x8 CMakeFiles/adc_fft.dir/pico-sdk/src/rp2_common/pico_stdio_usb/reset_interface.c.o
                0x0000000010004880                tud_descriptor_bos_cb
 .text.tud_vendor_control_xfer_cb
                0x0000000010004888       0x34 CMakeFiles/adc_fft.dir/pico-sdk/src/rp2_common/pico_stdio_usb/reset_interface.c.o
                0x0000000010004888                tud_vendor_control_xfer_cb
 .text.usbd_app_driver_get_cb
                0x00000000100048bc        0xc CMakeFiles/adc_fft.dir/pico-sdk/src/rp2_common/pico_stdio_usb/reset_interface.c.o
                0x00000000100048bc                usbd_app_driver_get_cb
 .text.tud_cdc_line_coding_cb
                0x00000000100048c8       0x2c CMakeFiles/adc_fft.dir/pico-sdk/src/rp2_common/pico_stdio_usb/reset_interface.c.o
                0x00000000100048c8                tud_cdc_line_coding_cb
 .text.stdio_usb_set_chars_available_callback
                0x00000000100048f4       0x14 CMakeFiles/adc_fft.dir/pico-sdk/src/rp2_common/pico_stdio_usb/stdio_usb.c.o
                0x00000000100048f4                stdio_usb_set_chars_available_callback
 .text.usb_irq  0x0000000010004908       0x10 CMakeFiles/adc_fft.dir/pico-sdk/src/rp2_common/pico_stdio_usb/stdio_usb.c.o
 .text.timer_task
                0x0000000010004918       0x64 CMakeFiles/adc_fft.dir/pico-sdk/src/rp2_common/pico_stdio_usb/stdio_usb.c.o
 .text.stdio_usb_in_chars
                0x000000001000497c       0x90 CMakeFiles/adc_fft.dir/pico-sdk/src/rp2_common/pico_stdio_usb/stdio_usb.c.o
                0x000000001000497c                stdio_usb_in_chars
 .text.stdio_usb_out_flush
                0x0000000010004a0c       0x50 CMakeFiles/adc_fft.dir/pico-sdk/src/rp2_common/pico_stdio_usb/stdio_usb.c.o
 .text.stdio_usb_out_chars
                0x0000000010004a5c      0x100 CMakeFiles/adc_fft.dir/pico-sdk/src/rp2_common/pico_stdio_usb/stdio_usb.c.o
 .text.low_priority_worker_irq
                0x0000000010004b5c       0xc8 CMakeFiles/adc_fft.dir/pico-sdk/src/rp2_common/pico_stdio_usb/stdio_usb.c.o
 .text.stdio_usb_init
                0x0000000010004c24       0xe4 CMakeFiles/adc_fft.dir/pico-sdk/src/rp2_common/pico_stdio_usb/stdio_usb.c.o
                0x0000000010004c24                stdio_usb_init
 .text.tud_descriptor_device_cb
                0x0000000010004d08        0x8 CMakeFiles/adc_fft.dir/pico-sdk/src/rp2_common/pico_stdio_usb/stdio_usb_descriptors.c.o
                0x0000000010004d08                tud_descriptor_device_cb
 .text.tud_descriptor_configuration_cb
                0x0000000010004d10        0x8 CMakeFiles/adc_fft.dir/pico-sdk/src/rp2_common/pico_stdio_usb/stdio_usb_descriptors.c.o
                0x0000000010004d10                tud_descriptor_configuration_cb
 .text.tud_descriptor_string_cb
                0x0000000010004d18       0x70 CMakeFiles/adc_fft.dir/pico-sdk/src/rp2_common/pico_stdio_usb/stdio_usb_descriptors.c.o
                0x0000000010004d18                tud_descriptor_string_cb
 .text.startup._retrieve_unique_id_on_boot
                0x0000000010004d88       0x10 CMakeFiles/adc_fft.dir/pico-sdk/src/rp2_common/pico_unique_id/unique_id.c.o
 .text.pico_get_unique_board_id_string
                0x0000000010004d98      0x1bc CMakeFiles/adc_fft.dir/pico-sdk/src/rp2_common/pico_unique_id/unique_id.c.o
                0x0000000010004d98                pico_get_unique_board_id_string
 .text.flash_get_unique_id
                0x0000000010004f54       0x40 CMakeFiles/adc_fft.dir/pico-sdk/src/rp2_common/hardware_flash/flash.c.o
                0x0000000010004f54                flash_get_unique_id
 .text.dcd_init
                0x0000000010004f94       0x94 CMakeFiles/adc_fft.dir/pico-sdk/lib/tinyusb/src/portable/raspberrypi/rp2040/dcd_rp2040.c.o
                0x0000000010004f94                dcd_init
 .text.dcd_int_enable
                0x0000000010005028        0xc CMakeFiles/adc_fft.dir/pico-sdk/lib/tinyusb/src/portable/raspberrypi/rp2040/dcd_rp2040.c.o
                0x0000000010005028                dcd_int_enable
 .text.dcd_set_address
                0x0000000010005034       0x14 CMakeFiles/adc_fft.dir/pico-sdk/lib/tinyusb/src/portable/raspberrypi/rp2040/dcd_rp2040.c.o
                0x0000000010005034                dcd_set_address
 .text.dcd_sof_enable
                0x0000000010005048       0x1c CMakeFiles/adc_fft.dir/pico-sdk/lib/tinyusb/src/portable/raspberrypi/rp2040/dcd_rp2040.c.o
                0x0000000010005048                dcd_sof_enable
 .text.dcd_edpt0_status_complete
                0x0000000010005064       0x1c CMakeFiles/adc_fft.dir/pico-sdk/lib/tinyusb/src/portable/raspberrypi/rp2040/dcd_rp2040.c.o
                0x0000000010005064                dcd_edpt0_status_complete
 .text.dcd_edpt_open
                0x0000000010005080      0x108 CMakeFiles/adc_fft.dir/pico-sdk/lib/tinyusb/src/portable/raspberrypi/rp2040/dcd_rp2040.c.o
                0x0000000010005080                dcd_edpt_open
 .text.dcd_edpt_close_all
                0x0000000010005188        0x8 CMakeFiles/adc_fft.dir/pico-sdk/lib/tinyusb/src/portable/raspberrypi/rp2040/dcd_rp2040.c.o
                0x0000000010005188                dcd_edpt_close_all
 .text.dcd_edpt_xfer
                0x0000000010005190       0x24 CMakeFiles/adc_fft.dir/pico-sdk/lib/tinyusb/src/portable/raspberrypi/rp2040/dcd_rp2040.c.o
                0x0000000010005190                dcd_edpt_xfer
 .text.dcd_edpt_stall
                0x00000000100051b4       0x38 CMakeFiles/adc_fft.dir/pico-sdk/lib/tinyusb/src/portable/raspberrypi/rp2040/dcd_rp2040.c.o
                0x00000000100051b4                dcd_edpt_stall
 .text.dcd_edpt_clear_stall
                0x00000000100051ec       0x30 CMakeFiles/adc_fft.dir/pico-sdk/lib/tinyusb/src/portable/raspberrypi/rp2040/dcd_rp2040.c.o
                0x00000000100051ec                dcd_edpt_clear_stall
 .text.rp2040_usb_init
                0x000000001000521c       0x40 CMakeFiles/adc_fft.dir/pico-sdk/lib/tinyusb/src/portable/raspberrypi/rp2040/rp2040_usb.c.o
                0x000000001000521c                rp2040_usb_init
 .text.hw_endpoint_xfer_start
                0x000000001000525c       0x54 CMakeFiles/adc_fft.dir/pico-sdk/lib/tinyusb/src/portable/raspberrypi/rp2040/rp2040_usb.c.o
                0x000000001000525c                hw_endpoint_xfer_start
 .text.tud_event_hook_cb
                0x00000000100052b0        0x4 CMakeFiles/adc_fft.dir/pico-sdk/lib/tinyusb/src/device/usbd.c.o
                0x00000000100052b0                tud_event_hook_cb
 .text.tud_sof_cb
                0x00000000100052b4        0x4 CMakeFiles/adc_fft.dir/pico-sdk/lib/tinyusb/src/device/usbd.c.o
                0x00000000100052b4                tud_sof_cb
 .text.tud_descriptor_device_qualifier_cb
                0x00000000100052b8        0x4 CMakeFiles/adc_fft.dir/pico-sdk/lib/tinyusb/src/device/usbd.c.o
                0x00000000100052b8                tud_descriptor_device_qualifier_cb
 .text.tud_descriptor_other_speed_configuration_cb
                0x00000000100052bc        0x4 CMakeFiles/adc_fft.dir/pico-sdk/lib/tinyusb/src/device/usbd.c.o
                0x00000000100052bc                tud_descriptor_other_speed_configuration_cb
 .text.tud_mount_cb
                0x00000000100052c0        0x4 CMakeFiles/adc_fft.dir/pico-sdk/lib/tinyusb/src/device/usbd.c.o
                0x00000000100052c0                tud_mount_cb
 .text.tud_umount_cb
                0x00000000100052c4        0x4 CMakeFiles/adc_fft.dir/pico-sdk/lib/tinyusb/src/device/usbd.c.o
                0x00000000100052c4                tud_umount_cb
 .text.tud_suspend_cb
                0x00000000100052c8        0x4 CMakeFiles/adc_fft.dir/pico-sdk/lib/tinyusb/src/device/usbd.c.o
                0x00000000100052c8                tud_suspend_cb
 .text.tud_resume_cb
                0x00000000100052cc        0x4 CMakeFiles/adc_fft.dir/pico-sdk/lib/tinyusb/src/device/usbd.c.o
                0x00000000100052cc                tud_resume_cb
 .text.tud_mounted
                0x00000000100052d0       0x10 CMakeFiles/adc_fft.dir/pico-sdk/lib/tinyusb/src/device/usbd.c.o
                0x00000000100052d0                tud_mounted
 .text.tud_suspended
                0x00000000100052e0       0x10 CMakeFiles/adc_fft.dir/pico-sdk/lib/tinyusb/src/device/usbd.c.o
                0x00000000100052e0                tud_suspended
 .text.tud_init
                0x00000000100052f0       0xe4 CMakeFiles/adc_fft.dir/pico-sdk/lib/tinyusb/src/device/usbd.c.o
                0x00000000100052f0                tud_init
 .text.tud_task_ext
                0x00000000100053d4      0x7dc CMakeFiles/adc_fft.dir/pico-sdk/lib/tinyusb/src/device/usbd.c.o
                0x00000000100053d4                tud_task_ext
 .text.usbd_open_edpt_pair
                0x0000000010005bb0       0x9c CMakeFiles/adc_fft.dir/pico-sdk/lib/tinyusb/src/device/usbd.c.o
                0x0000000010005bb0                usbd_open_edpt_pair
 .text.usbd_edpt_open
                0x0000000010005c4c       0x34 CMakeFiles/adc_fft.dir/pico-sdk/lib/tinyusb/src/device/usbd.c.o
                0x0000000010005c4c                usbd_edpt_open
 .text.usbd_edpt_claim
                0x0000000010005c80       0x28 CMakeFiles/adc_fft.dir/pico-sdk/lib/tinyusb/src/device/usbd.c.o
                0x0000000010005c80                usbd_edpt_claim
 .text.usbd_edpt_release
                0x0000000010005ca8       0x28 CMakeFiles/adc_fft.dir/pico-sdk/lib/tinyusb/src/device/usbd.c.o
                0x0000000010005ca8                usbd_edpt_release
 .text.usbd_edpt_xfer
                0x0000000010005cd0       0x4c CMakeFiles/adc_fft.dir/pico-sdk/lib/tinyusb/src/device/usbd.c.o
                0x0000000010005cd0                usbd_edpt_xfer
 .text.tud_control_status
                0x0000000010005d1c       0x30 CMakeFiles/adc_fft.dir/pico-sdk/lib/tinyusb/src/device/usbd_control.c.o
                0x0000000010005d1c                tud_control_status
 .text.tud_control_xfer
                0x0000000010005d4c       0xb8 CMakeFiles/adc_fft.dir/pico-sdk/lib/tinyusb/src/device/usbd_control.c.o
                0x0000000010005d4c                tud_control_xfer
 .text.usbd_control_reset
                0x0000000010005e04       0x14 CMakeFiles/adc_fft.dir/pico-sdk/lib/tinyusb/src/device/usbd_control.c.o
                0x0000000010005e04                usbd_control_reset
 .text.usbd_control_set_complete_callback
                0x0000000010005e18        0xc CMakeFiles/adc_fft.dir/pico-sdk/lib/tinyusb/src/device/usbd_control.c.o
                0x0000000010005e18                usbd_control_set_complete_callback
 .text.usbd_control_set_request
                0x0000000010005e24       0x1c CMakeFiles/adc_fft.dir/pico-sdk/lib/tinyusb/src/device/usbd_control.c.o
                0x0000000010005e24                usbd_control_set_request
 .text.usbd_control_xfer_cb
                0x0000000010005e40       0xf0 CMakeFiles/adc_fft.dir/pico-sdk/lib/tinyusb/src/device/usbd_control.c.o
                0x0000000010005e40                usbd_control_xfer_cb
 .text._prep_out_transaction
                0x0000000010005f30       0x64 CMakeFiles/adc_fft.dir/pico-sdk/lib/tinyusb/src/class/cdc/cdc_device.c.o
 .text.tud_cdc_n_connected
                0x0000000010005f94       0x30 CMakeFiles/adc_fft.dir/pico-sdk/lib/tinyusb/src/class/cdc/cdc_device.c.o
                0x0000000010005f94                tud_cdc_n_connected
 .text.tud_cdc_n_available
                0x0000000010005fc4       0x18 CMakeFiles/adc_fft.dir/pico-sdk/lib/tinyusb/src/class/cdc/cdc_device.c.o
                0x0000000010005fc4                tud_cdc_n_available
 .text.tud_cdc_n_read
                0x0000000010005fdc       0x98 CMakeFiles/adc_fft.dir/pico-sdk/lib/tinyusb/src/class/cdc/cdc_device.c.o
                0x0000000010005fdc                tud_cdc_n_read
 .text.tud_cdc_n_write_flush
                0x0000000010006074       0x78 CMakeFiles/adc_fft.dir/pico-sdk/lib/tinyusb/src/class/cdc/cdc_device.c.o
                0x0000000010006074                tud_cdc_n_write_flush
 .text.tud_cdc_n_write
                0x00000000100060ec       0x44 CMakeFiles/adc_fft.dir/pico-sdk/lib/tinyusb/src/class/cdc/cdc_device.c.o
                0x00000000100060ec                tud_cdc_n_write
 .text.tud_cdc_n_write_available
                0x0000000010006130       0x18 CMakeFiles/adc_fft.dir/pico-sdk/lib/tinyusb/src/class/cdc/cdc_device.c.o
                0x0000000010006130                tud_cdc_n_write_available
 .text.cdcd_init
                0x0000000010006148       0x80 CMakeFiles/adc_fft.dir/pico-sdk/lib/tinyusb/src/class/cdc/cdc_device.c.o
                0x0000000010006148                cdcd_init
 .text.cdcd_deinit
                0x00000000100061c8       0x24 CMakeFiles/adc_fft.dir/pico-sdk/lib/tinyusb/src/class/cdc/cdc_device.c.o
                0x00000000100061c8                cdcd_deinit
 .text.cdcd_reset
                0x00000000100061ec       0x4c CMakeFiles/adc_fft.dir/pico-sdk/lib/tinyusb/src/class/cdc/cdc_device.c.o
                0x00000000100061ec                cdcd_reset
 .text.cdcd_open
                0x0000000010006238       0xb4 CMakeFiles/adc_fft.dir/pico-sdk/lib/tinyusb/src/class/cdc/cdc_device.c.o
                0x0000000010006238                cdcd_open
 .text.cdcd_control_xfer_cb
                0x00000000100062ec       0xe8 CMakeFiles/adc_fft.dir/pico-sdk/lib/tinyusb/src/class/cdc/cdc_device.c.o
                0x00000000100062ec                cdcd_control_xfer_cb
 .text.cdcd_xfer_cb
                0x00000000100063d4      0x154 CMakeFiles/adc_fft.dir/pico-sdk/lib/tinyusb/src/class/cdc/cdc_device.c.o
                0x00000000100063d4                cdcd_xfer_cb
 .text.vendord_init
                0x0000000010006528       0x5c CMakeFiles/adc_fft.dir/pico-sdk/lib/tinyusb/src/class/vendor/vendor_device.c.o
                0x0000000010006528                vendord_init
 .text.vendord_deinit
                0x0000000010006584       0x1c CMakeFiles/adc_fft.dir/pico-sdk/lib/tinyusb/src/class/vendor/vendor_device.c.o
                0x0000000010006584                vendord_deinit
 .text.vendord_reset
                0x00000000100065a0       0x20 CMakeFiles/adc_fft.dir/pico-sdk/lib/tinyusb/src/class/vendor/vendor_device.c.o
                0x00000000100065a0                vendord_reset
 .text.vendord_open
                0x00000000100065c0      0x138 CMakeFiles/adc_fft.dir/pico-sdk/lib/tinyusb/src/class/vendor/vendor_device.c.o
                0x00000000100065c0                vendord_open
 .text.vendord_xfer_cb
                0x00000000100066f8       0x9c CMakeFiles/adc_fft.dir/pico-sdk/lib/tinyusb/src/class/vendor/vendor_device.c.o
                0x00000000100066f8                vendord_xfer_cb
 .text.tusb_init
                0x0000000010006794        0xc CMakeFiles/adc_fft.dir/pico-sdk/lib/tinyusb/src/tusb.c.o
                0x0000000010006794                tusb_init
 .text.tu_edpt_claim
                0x00000000100067a0       0x50 CMakeFiles/adc_fft.dir/pico-sdk/lib/tinyusb/src/tusb.c.o
                0x00000000100067a0                tu_edpt_claim
 .text.tu_edpt_release
                0x00000000100067f0       0x38 CMakeFiles/adc_fft.dir/pico-sdk/lib/tinyusb/src/tusb.c.o
                0x00000000100067f0                tu_edpt_release
 .text.tu_edpt_validate
                0x0000000010006828       0x78 CMakeFiles/adc_fft.dir/pico-sdk/lib/tinyusb/src/tusb.c.o
                0x0000000010006828                tu_edpt_validate
 .text.tu_edpt_bind_driver
                0x00000000100068a0       0x34 CMakeFiles/adc_fft.dir/pico-sdk/lib/tinyusb/src/tusb.c.o
                0x00000000100068a0                tu_edpt_bind_driver
 .text.tu_edpt_stream_init
                0x00000000100068d4       0x6c CMakeFiles/adc_fft.dir/pico-sdk/lib/tinyusb/src/tusb.c.o
                0x00000000100068d4                tu_edpt_stream_init
 .text.tu_edpt_stream_deinit
                0x0000000010006940        0x4 CMakeFiles/adc_fft.dir/pico-sdk/lib/tinyusb/src/tusb.c.o
                0x0000000010006940                tu_edpt_stream_deinit
 .text.tu_edpt_stream_write_zlp_if_needed
                0x0000000010006944       0x58 CMakeFiles/adc_fft.dir/pico-sdk/lib/tinyusb/src/tusb.c.o
                0x0000000010006944                tu_edpt_stream_write_zlp_if_needed
 .text.tu_edpt_stream_write_xfer
                0x000000001000699c       0x64 CMakeFiles/adc_fft.dir/pico-sdk/lib/tinyusb/src/tusb.c.o
                0x000000001000699c                tu_edpt_stream_write_xfer
 .text.tu_edpt_stream_read_xfer
                0x0000000010006a00       0xdc CMakeFiles/adc_fft.dir/pico-sdk/lib/tinyusb/src/tusb.c.o
                0x0000000010006a00                tu_edpt_stream_read_xfer
 .text.tu_fifo_config
                0x0000000010006adc       0x70 CMakeFiles/adc_fft.dir/pico-sdk/lib/tinyusb/src/common/tusb_fifo.c.o
                0x0000000010006adc                tu_fifo_config
 .text.tu_fifo_count
                0x0000000010006b4c       0x2c CMakeFiles/adc_fft.dir/pico-sdk/lib/tinyusb/src/common/tusb_fifo.c.o
                0x0000000010006b4c                tu_fifo_count
 .text.tu_fifo_empty
                0x0000000010006b78       0x10 CMakeFiles/adc_fft.dir/pico-sdk/lib/tinyusb/src/common/tusb_fifo.c.o
                0x0000000010006b78                tu_fifo_empty
 .text.tu_fifo_remaining
                0x0000000010006b88       0x2c CMakeFiles/adc_fft.dir/pico-sdk/lib/tinyusb/src/common/tusb_fifo.c.o
                0x0000000010006b88                tu_fifo_remaining
 .text.tu_fifo_read
                0x0000000010006bb4       0x9c CMakeFiles/adc_fft.dir/pico-sdk/lib/tinyusb/src/common/tusb_fifo.c.o
                0x0000000010006bb4                tu_fifo_read
 .text.tu_fifo_read_n
                0x0000000010006c50       0xf0 CMakeFiles/adc_fft.dir/pico-sdk/lib/tinyusb/src/common/tusb_fifo.c.o
                0x0000000010006c50                tu_fifo_read_n
 .text.tu_fifo_write
                0x0000000010006d40       0x88 CMakeFiles/adc_fft.dir/pico-sdk/lib/tinyusb/src/common/tusb_fifo.c.o
                0x0000000010006d40                tu_fifo_write
 .text.tu_fifo_write_n
                0x0000000010006dc8      0x158 CMakeFiles/adc_fft.dir/pico-sdk/lib/tinyusb/src/common/tusb_fifo.c.o
                0x0000000010006dc8                tu_fifo_write_n
 .text.tu_fifo_clear
                0x0000000010006f20       0x40 CMakeFiles/adc_fft.dir/pico-sdk/lib/tinyusb/src/common/tusb_fifo.c.o
                0x0000000010006f20                tu_fifo_clear
 .text.tu_fifo_set_overwritable
                0x0000000010006f60       0x48 CMakeFiles/adc_fft.dir/pico-sdk/lib/tinyusb/src/common/tusb_fifo.c.o
                0x0000000010006f60                tu_fifo_set_overwritable
 .text.adc_init
                0x0000000010006fa8       0x38 CMakeFiles/adc_fft.dir/pico-sdk/src/rp2_common/hardware_adc/adc.c.o
                0x0000000010006fa8                adc_init
 .text.dma_claim_unused_channel
                0x0000000010006fe0       0x20 CMakeFiles/adc_fft.dir/pico-sdk/src/rp2_common/hardware_dma/dma.c.o
                0x0000000010006fe0                dma_claim_unused_channel
 .text          0x0000000010007000      0x4ac libkiss_fftr.a(kiss_fftr.c.o)
                0x0000000010007000                kiss_fftr_alloc
                0x000000001000717c                kiss_fftr
                0x0000000010007320                kiss_fftri
 .text          0x00000000100074ac     0x327c libkiss_fft.a(kiss_fft.c.o)
                0x0000000010009104                kiss_fft_alloc
                0x00000000100094cc                kiss_fft_stride
                0x0000000010009518                kiss_fft
                0x000000001000a6bc                kiss_fft_cleanup
                0x000000001000a6c0                kiss_fft_next_fast_size
 .text          0x000000001000a728       0x90 /usr/lib/gcc/arm-none-eabi/9.2.1/../../../arm-none-eabi/lib/thumb/v6-m/nofp/libg.a(lib_a-fwrite.o)
                0x000000001000a728                _fwrite_r
                0x000000001000a798                fwrite
 .text          0x000000001000a7b8       0x28 /usr/lib/gcc/arm-none-eabi/9.2.1/../../../arm-none-eabi/lib/thumb/v6-m/nofp/libg.a(lib_a-malloc.o)
                0x000000001000a7b8                malloc
                0x000000001000a7cc                free
 .text          0x000000001000a7e0      0x58c /usr/lib/gcc/arm-none-eabi/9.2.1/../../../arm-none-eabi/lib/thumb/v6-m/nofp/libg.a(lib_a-mallocr.o)
                0x000000001000a7e0                _malloc_r
 .text          0x000000001000ad6c        0x8 /usr/lib/gcc/arm-none-eabi/9.2.1/../../../arm-none-eabi/lib/thumb/v6-m/nofp/libg.a(lib_a-mlock.o)
                0x000000001000ad6c                __malloc_lock
                0x000000001000ad70                __malloc_unlock
 .text          0x000000001000ad74      0x35c /usr/lib/gcc/arm-none-eabi/9.2.1/../../../arm-none-eabi/lib/thumb/v6-m/nofp/libg.a(lib_a-reallocr.o)
                0x000000001000ad74                _realloc_r
 .text          0x000000001000b0d0       0x24 /usr/lib/gcc/arm-none-eabi/9.2.1/../../../arm-none-eabi/lib/thumb/v6-m/nofp/libg.a(lib_a-sbrkr.o)
                0x000000001000b0d0                _sbrk_r
 .text          0x000000001000b0f4       0x68 /usr/lib/gcc/arm-none-eabi/9.2.1/../../../arm-none-eabi/lib/thumb/v6-m/nofp/libg.a(lib_a-strlen-stub.o)
                0x000000001000b0f4                strlen
 .text          0x000000001000b15c      0x220 /usr/lib/gcc/arm-none-eabi/9.2.1/../../../arm-none-eabi/lib/thumb/v6-m/nofp/libg.a(lib_a-findfp.o)
                0x000000001000b160                _cleanup_r
                0x000000001000b25c                __sfmoreglue
                0x000000001000b28c                __sfp
                0x000000001000b314                _cleanup
                0x000000001000b32c                __sinit
                0x000000001000b33c                __sfp_lock_acquire
                0x000000001000b340                __sfp_lock_release
                0x000000001000b344                __sinit_lock_acquire
                0x000000001000b348                __sinit_lock_release
                0x000000001000b34c                __fp_lock_all
                0x000000001000b364                __fp_unlock_all
 .text          0x000000001000b37c      0x27c /usr/lib/gcc/arm-none-eabi/9.2.1/../../../arm-none-eabi/lib/thumb/v6-m/nofp/libg.a(lib_a-freer.o)
                0x000000001000b37c                _malloc_trim_r
                0x000000001000b41c                _free_r
 .text          0x000000001000b5f8      0x320 /usr/lib/gcc/arm-none-eabi/9.2.1/../../../arm-none-eabi/lib/thumb/v6-m/nofp/libg.a(lib_a-fvwrite.o)
                0x000000001000b5f8                __sfvwrite_r
 .text          0x000000001000b918       0x90 /usr/lib/gcc/arm-none-eabi/9.2.1/../../../arm-none-eabi/lib/thumb/v6-m/nofp/libg.a(lib_a-fwalk.o)
                0x000000001000b918                _fwalk
                0x000000001000b95c                _fwalk_reent
 .text          0x000000001000b9a8       0x80 /usr/lib/gcc/arm-none-eabi/9.2.1/../../../arm-none-eabi/lib/thumb/v6-m/nofp/libg.a(lib_a-memchr-stub.o)
                0x000000001000b9a8                memchr
 .text          0x000000001000ba28       0xbc /usr/lib/gcc/arm-none-eabi/9.2.1/../../../arm-none-eabi/lib/thumb/v6-m/nofp/libg.a(lib_a-memmove.o)
                0x000000001000ba28                memmove
 .text          0x000000001000bae4       0xa4 /usr/lib/gcc/arm-none-eabi/9.2.1/../../../arm-none-eabi/lib/thumb/v6-m/nofp/libg.a(lib_a-stdio.o)
                0x000000001000bae4                __sread
                0x000000001000bb0c                __seofread
                0x000000001000bb10                __swrite
                0x000000001000bb50                __sseek
                0x000000001000bb7c                __sclose
 .text          0x000000001000bb88       0x28 /usr/lib/gcc/arm-none-eabi/9.2.1/../../../arm-none-eabi/lib/thumb/v6-m/nofp/libg.a(lib_a-writer.o)
                0x000000001000bb88                _write_r
 .text          0x000000001000bbb0       0xdc /usr/lib/gcc/arm-none-eabi/9.2.1/../../../arm-none-eabi/lib/thumb/v6-m/nofp/libg.a(lib_a-wsetup.o)
                0x000000001000bbb0                __swsetup_r
 .text          0x000000001000bc8c       0x24 /usr/lib/gcc/arm-none-eabi/9.2.1/../../../arm-none-eabi/lib/thumb/v6-m/nofp/libg.a(lib_a-closer.o)
                0x000000001000bc8c                _close_r
 .text          0x000000001000bcb0       0xac /usr/lib/gcc/arm-none-eabi/9.2.1/../../../arm-none-eabi/lib/thumb/v6-m/nofp/libg.a(lib_a-fclose.o)
                0x000000001000bcb0                _fclose_r
                0x000000001000bd48                fclose
 .text          0x000000001000bd5c      0x1b4 /usr/lib/gcc/arm-none-eabi/9.2.1/../../../arm-none-eabi/lib/thumb/v6-m/nofp/libg.a(lib_a-fflush.o)
                0x000000001000bd5c                __sflush_r
                0x000000001000bebc                _fflush_r
                0x000000001000bee8                fflush
 .text          0x000000001000bf10       0x28 /usr/lib/gcc/arm-none-eabi/9.2.1/../../../arm-none-eabi/lib/thumb/v6-m/nofp/libg.a(lib_a-lseekr.o)
                0x000000001000bf10                _lseek_r
 .text          0x000000001000bf38       0xf0 /usr/lib/gcc/arm-none-eabi/9.2.1/../../../arm-none-eabi/lib/thumb/v6-m/nofp/libg.a(lib_a-makebuf.o)
                0x000000001000bf38                __swhatbuf_r
                0x000000001000bf98                __smakebuf_r
 .text          0x000000001000c028       0x28 /usr/lib/gcc/arm-none-eabi/9.2.1/../../../arm-none-eabi/lib/thumb/v6-m/nofp/libg.a(lib_a-readr.o)
                0x000000001000c028                _read_r
 .text          0x000000001000c050       0x28 /usr/lib/gcc/arm-none-eabi/9.2.1/../../../arm-none-eabi/lib/thumb/v6-m/nofp/libg.a(lib_a-fstatr.o)
                0x000000001000c050                _fstat_r
 .text          0x000000001000c078       0x24 /usr/lib/gcc/arm-none-eabi/9.2.1/../../../arm-none-eabi/lib/thumb/v6-m/nofp/libg.a(lib_a-isattyr.o)
                0x000000001000c078                _isatty_r
 *(.fini)
 .fini          0x000000001000c09c        0x4 /usr/lib/gcc/arm-none-eabi/9.2.1/thumb/v6-m/nofp/crti.o
                0x000000001000c09c                _fini
 .fini.__stub   0x000000001000c0a0       0xd0 linker stubs
 *crtbegin.o(.ctors)
 *crtbegin?.o(.ctors)
 *(EXCLUDE_FILE(*crtend.o *crtend?.o) .ctors)
 *(SORT_BY_NAME(.ctors.*))
 *(.ctors)
 *crtbegin.o(.dtors)
 *crtbegin?.o(.dtors)
 *(EXCLUDE_FILE(*crtend.o *crtend?.o) .dtors)
 *(SORT_BY_NAME(.dtors.*))
 *(.dtors)
                0x000000001000c170                . = ALIGN (0x4)
                0x000000001000c170                PROVIDE (__preinit_array_start = .)
 *(SORT_BY_NAME(.preinit_array.*))
 .preinit_array.00100
                0x000000001000c170        0x4 CMakeFiles/adc_fft.dir/pico-sdk/src/rp2_common/pico_runtime_init/runtime_init.c.o
                0x000000001000c170                __pre_init_runtime_init_early_resets
 .preinit_array.00101
                0x000000001000c174        0x4 CMakeFiles/adc_fft.dir/pico-sdk/src/rp2_common/pico_runtime_init/runtime_init.c.o
                0x000000001000c174                __pre_init_runtime_init_usb_power_down
 .preinit_array.00275
                0x000000001000c178        0x4 CMakeFiles/adc_fft.dir/pico-sdk/src/rp2_common/pico_bit_ops/bit_ops_aeabi.S.o
 .preinit_array.00300
                0x000000001000c17c        0x4 CMakeFiles/adc_fft.dir/pico-sdk/src/rp2_common/pico_mem_ops/mem_ops_aeabi.S.o
 .preinit_array.00350
                0x000000001000c180        0x4 CMakeFiles/adc_fft.dir/pico-sdk/src/rp2_common/pico_double/double_aeabi_rp2040.S.o
 .preinit_array.00350
                0x000000001000c184        0x4 CMakeFiles/adc_fft.dir/pico-sdk/src/rp2_common/pico_float/float_aeabi_rp2040.S.o
 .preinit_array.00500
                0x000000001000c188        0x4 CMakeFiles/adc_fft.dir/pico-sdk/src/rp2_common/pico_runtime_init/runtime_init.c.o
                0x000000001000c188                __pre_init_runtime_init_clocks
 .preinit_array.00600
                0x000000001000c18c        0x4 CMakeFiles/adc_fft.dir/pico-sdk/src/rp2_common/pico_runtime_init/runtime_init.c.o
                0x000000001000c18c                __pre_init_runtime_init_post_clock_resets
 .preinit_array.00700
                0x000000001000c190        0x4 CMakeFiles/adc_fft.dir/pico-sdk/src/rp2_common/pico_runtime_init/runtime_init.c.o
                0x000000001000c190                __pre_init_runtime_init_rp2040_gpio_ie_disable
 .preinit_array.01000
                0x000000001000c194        0x4 CMakeFiles/adc_fft.dir/pico-sdk/src/rp2_common/pico_runtime_init/runtime_init.c.o
                0x000000001000c194                __pre_init_runtime_init_spin_locks_reset
 .preinit_array.01100
                0x000000001000c198        0x4 CMakeFiles/adc_fft.dir/pico-sdk/src/common/pico_sync/mutex.c.o
                0x000000001000c198                __pre_init_runtime_init_mutex
 .preinit_array.10080
                0x000000001000c19c        0x4 CMakeFiles/adc_fft.dir/pico-sdk/src/rp2_common/pico_runtime_init/runtime_init.c.o
                0x000000001000c19c                __pre_init_runtime_init_install_ram_vector_table
 .preinit_array.11000
                0x000000001000c1a0        0x4 CMakeFiles/adc_fft.dir/pico-sdk/src/common/pico_time/time.c.o
                0x000000001000c1a0                __pre_init_runtime_init_default_alarm_pool
 .preinit_array.YYYYY
                0x000000001000c1a4        0x4 CMakeFiles/adc_fft.dir/pico-sdk/src/rp2_common/pico_runtime/runtime.c.o
                0x000000001000c1a4                __pre_init_first_per_core_initializer
 .preinit_array.ZZZZZ.01200
                0x000000001000c1a8        0x4 CMakeFiles/adc_fft.dir/pico-sdk/src/rp2_common/hardware_irq/irq.c.o
                0x000000001000c1a8                __pre_init_runtime_init_per_core_irq_priorities
 *(.preinit_array)
                0x000000001000c1ac                PROVIDE (__preinit_array_end = .)
                0x000000001000c1ac                . = ALIGN (0x4)
                0x000000001000c1ac                PROVIDE (__init_array_start = .)
 *(SORT_BY_NAME(.init_array.*))
 *(.init_array)
 .init_array    0x000000001000c1ac        0x4 /usr/lib/gcc/arm-none-eabi/9.2.1/thumb/v6-m/nofp/crtbegin.o
 .init_array    0x000000001000c1b0        0x4 CMakeFiles/adc_fft.dir/pico-sdk/src/rp2_common/pico_unique_id/unique_id.c.o
                0x000000001000c1b4                PROVIDE (__init_array_end = .)
                0x000000001000c1b4                . = ALIGN (0x4)
                0x000000001000c1b4                PROVIDE (__fini_array_start = .)
 *(SORT_BY_NAME(.fini_array.*))
 *(.fini_array)
                0x000000001000c1b4                PROVIDE (__fini_array_end = .)
 *(.eh_frame*)
 .eh_frame      0x000000001000c1b4        0x0 /usr/lib/gcc/arm-none-eabi/9.2.1/thumb/v6-m/nofp/crtbegin.o
                0x000000001000c1b4                . = ALIGN (0x4)

.glue_7         0x000000001000c1b4        0x0
 .glue_7        0x000000001000c1b4        0x0 linker stubs

.glue_7t        0x000000001000c1b4        0x0
 .glue_7t       0x000000001000c1b4        0x0 linker stubs

.vfp11_veneer   0x000000001000c1b4        0x0
 .vfp11_veneer  0x000000001000c1b4        0x0 linker stubs

.v4_bx          0x000000001000c1b4        0x0
 .v4_bx         0x000000001000c1b4        0x0 linker stubs

.iplt           0x000000001000c1b4        0x0
 .iplt          0x000000001000c1b4        0x0 /usr/lib/gcc/arm-none-eabi/9.2.1/thumb/v6-m/nofp/crtbegin.o

.rodata         0x000000001000c1b8      0x764
 *(EXCLUDE_FILE(*libm.a: *libc.a:*lib_a-mem*.o *libgcc.a:) .rodata*)
 .rodata.main.str1.4
                0x000000001000c1b8       0x28 CMakeFiles/adc_fft.dir/adc_fft.c.o
 .rodata.panic.str1.4
                0x000000001000c1e0       0x10 CMakeFiles/adc_fft.dir/pico-sdk/src/rp2_common/pico_platform_panic/panic.c.o
                                         0x12 (size before relaxing)
 .rodata.spin_lock_claim_unused.str1.4
                0x000000001000c1f0       0x1b CMakeFiles/adc_fft.dir/pico-sdk/src/rp2_common/hardware_sync/sync.c.o
 *fill*         0x000000001000c20b        0x1 
 .rodata.user_irq_claim_unused.str1.4
                0x000000001000c20c       0x1b CMakeFiles/adc_fft.dir/pico-sdk/src/rp2_common/hardware_irq/irq.c.o
 *fill*         0x000000001000c227        0x1 
 .rodata.at_the_end_of_time
                0x000000001000c228        0x8 CMakeFiles/adc_fft.dir/pico-sdk/src/common/pico_time/time.c.o
                0x000000001000c228                at_the_end_of_time
 .rodata.timer_hardware_alarm_claim.str1.4
                0x000000001000c230       0x22 CMakeFiles/adc_fft.dir/pico-sdk/src/rp2_common/hardware_timer/timer.c.o
 *fill*         0x000000001000c252        0x2 
 .rodata.hard_assertion_failure.str1.4
                0x000000001000c254        0xc CMakeFiles/adc_fft.dir/pico-sdk/src/rp2_common/pico_runtime/runtime.c.o
 .rodata.missing_double_func_shim.str1.4
                0x000000001000c260       0x18 CMakeFiles/adc_fft.dir/pico-sdk/src/rp2_common/pico_double/double_init_rom_rp2040.c.o
 .rodata.missing_float_func_shim.str1.4
                0x000000001000c278       0x18 CMakeFiles/adc_fft.dir/pico-sdk/src/rp2_common/pico_float/float_init_rom_rp2040.c.o
                                          0x1 (size before relaxing)
 .rodata.__wrap_malloc.str1.4
                0x000000001000c278        0xe CMakeFiles/adc_fft.dir/pico-sdk/src/rp2_common/pico_malloc/malloc.c.o
 *fill*         0x000000001000c286        0x2 
 .rodata.str1.4
                0x000000001000c288       0x3c CMakeFiles/adc_fft.dir/pico-sdk/src/rp2_common/pico_standard_binary_info/standard_binary_info.c.o
 .rodata.__bi_26
                0x000000001000c2c4        0xc CMakeFiles/adc_fft.dir/pico-sdk/src/rp2_common/pico_standard_binary_info/standard_binary_info.c.o
 .rodata.__bi_34
                0x000000001000c2d0        0xc CMakeFiles/adc_fft.dir/pico-sdk/src/rp2_common/pico_standard_binary_info/standard_binary_info.c.o
 .rodata.__bi_42
                0x000000001000c2dc        0xc CMakeFiles/adc_fft.dir/pico-sdk/src/rp2_common/pico_standard_binary_info/standard_binary_info.c.o
 .rodata.__bi_48
                0x000000001000c2e8        0xc CMakeFiles/adc_fft.dir/pico-sdk/src/rp2_common/pico_standard_binary_info/standard_binary_info.c.o
 .rodata.__bi_54
                0x000000001000c2f4        0xc CMakeFiles/adc_fft.dir/pico-sdk/src/rp2_common/pico_standard_binary_info/standard_binary_info.c.o
 .rodata.__bi_78
                0x000000001000c300        0xc CMakeFiles/adc_fft.dir/pico-sdk/src/rp2_common/pico_standard_binary_info/standard_binary_info.c.o
 .rodata.__bi_84
                0x000000001000c30c        0xc CMakeFiles/adc_fft.dir/pico-sdk/src/rp2_common/pico_standard_binary_info/standard_binary_info.c.o
 .rodata._ftoa.str1.4
                0x000000001000c318       0x15 CMakeFiles/adc_fft.dir/pico-sdk/src/rp2_common/pico_printf/printf.c.o
 *fill*         0x000000001000c32d        0x3 
 .rodata._vsnprintf
                0x000000001000c330      0x1e0 CMakeFiles/adc_fft.dir/pico-sdk/src/rp2_common/pico_printf/printf.c.o
 .rodata.pow10.5457
                0x000000001000c510       0x50 CMakeFiles/adc_fft.dir/pico-sdk/src/rp2_common/pico_printf/printf.c.o
 .rodata.crlf_str.6426
                0x000000001000c560        0x2 CMakeFiles/adc_fft.dir/pico-sdk/src/rp2_common/pico_stdio/stdio.c.o
 *fill*         0x000000001000c562        0x2 
 .rodata.str1.4
                0x000000001000c564       0x2c CMakeFiles/adc_fft.dir/pico-sdk/src/rp2_common/pico_stdio_uart/stdio_uart.c.o
 .rodata.__bi_45.5261
                0x000000001000c590        0xc CMakeFiles/adc_fft.dir/pico-sdk/src/rp2_common/pico_stdio_uart/stdio_uart.c.o
 .rodata.__bi_49.5265
                0x000000001000c59c        0x8 CMakeFiles/adc_fft.dir/pico-sdk/src/rp2_common/pico_stdio_uart/stdio_uart.c.o
 .rodata.__bi_50.5269
                0x000000001000c5a4        0x8 CMakeFiles/adc_fft.dir/pico-sdk/src/rp2_common/pico_stdio_uart/stdio_uart.c.o
 .rodata._resetd_driver
                0x000000001000c5ac       0x20 CMakeFiles/adc_fft.dir/pico-sdk/src/rp2_common/pico_stdio_usb/reset_interface.c.o
 .rodata.desc_bos
                0x000000001000c5cc       0x21 CMakeFiles/adc_fft.dir/pico-sdk/src/rp2_common/pico_stdio_usb/reset_interface.c.o
                0x000000001000c5cc                desc_bos
 *fill*         0x000000001000c5ed        0x3 
 .rodata.desc_ms_os_20
                0x000000001000c5f0       0xa6 CMakeFiles/adc_fft.dir/pico-sdk/src/rp2_common/pico_stdio_usb/reset_interface.c.o
 *fill*         0x000000001000c696        0x2 
 .rodata.str1.4
                0x000000001000c698       0x13 CMakeFiles/adc_fft.dir/pico-sdk/src/rp2_common/pico_stdio_usb/stdio_usb.c.o
 *fill*         0x000000001000c6ab        0x1 
 .rodata.__bi_197.7850
                0x000000001000c6ac        0xc CMakeFiles/adc_fft.dir/pico-sdk/src/rp2_common/pico_stdio_usb/stdio_usb.c.o
 .rodata.str1.4
                0x000000001000c6b8       0x2a CMakeFiles/adc_fft.dir/pico-sdk/src/rp2_common/pico_stdio_usb/stdio_usb_descriptors.c.o
 *fill*         0x000000001000c6e2        0x2 
 .rodata.usbd_desc_cfg
                0x000000001000c6e4       0x54 CMakeFiles/adc_fft.dir/pico-sdk/src/rp2_common/pico_stdio_usb/stdio_usb_descriptors.c.o
 .rodata.usbd_desc_device
                0x000000001000c738       0x12 CMakeFiles/adc_fft.dir/pico-sdk/src/rp2_common/pico_stdio_usb/stdio_usb_descriptors.c.o
 *fill*         0x000000001000c74a        0x2 
 .rodata.usbd_desc_str
                0x000000001000c74c       0x18 CMakeFiles/adc_fft.dir/pico-sdk/src/rp2_common/pico_stdio_usb/stdio_usb_descriptors.c.o
 .rodata.str1.4
                0x000000001000c764       0x14 CMakeFiles/adc_fft.dir/pico-sdk/lib/tinyusb/src/portable/raspberrypi/rp2040/dcd_rp2040.c.o
 .rodata.str1.4
                0x000000001000c778       0x48 CMakeFiles/adc_fft.dir/pico-sdk/lib/tinyusb/src/portable/raspberrypi/rp2040/rp2040_usb.c.o
 .rodata.tud_task_ext
                0x000000001000c7c0       0x8c CMakeFiles/adc_fft.dir/pico-sdk/lib/tinyusb/src/device/usbd.c.o
 .rodata        0x000000001000c84c       0x1c CMakeFiles/adc_fft.dir/pico-sdk/lib/tinyusb/src/device/usbd.c.o
 .rodata._usbd_driver
                0x000000001000c868       0x40 CMakeFiles/adc_fft.dir/pico-sdk/lib/tinyusb/src/device/usbd.c.o
 .rodata.dma_claim_unused_channel.str1.4
                0x000000001000c8a8       0x1e CMakeFiles/adc_fft.dir/pico-sdk/src/rp2_common/hardware_dma/dma.c.o
 *fill*         0x000000001000c8c6        0x2 
 .rodata.str1.4
                0x000000001000c8c8       0x4e libkiss_fftr.a(kiss_fftr.c.o)
 *fill*         0x000000001000c916        0x2 
 .rodata        0x000000001000c918        0x4 /usr/lib/gcc/arm-none-eabi/9.2.1/../../../arm-none-eabi/lib/thumb/v6-m/nofp/libg.a(lib_a-impure.o)
                0x000000001000c918                _global_impure_ptr
                0x000000001000c91c                . = ALIGN (0x4)
 *(SORT_BY_ALIGNMENT(SORT_BY_NAME(.flashdata*)))
                0x000000001000c91c                . = ALIGN (0x4)

.ARM.extab
 *(.ARM.extab* .gnu.linkonce.armextab.*)
                0x000000001000c91c                __exidx_start = .

.ARM.exidx
 *(.ARM.exidx* .gnu.linkonce.armexidx.*)
                0x000000001000c91c                __exidx_end = .
                0x000000001000c91c                . = ALIGN (0x4)
                0x000000001000c91c                __binary_info_start = .

.binary_info    0x000000001000c91c       0x2c
 *(.binary_info.keep.*)
 .binary_info.keep.__bi_ptr26
                0x000000001000c91c        0x4 CMakeFiles/adc_fft.dir/pico-sdk/src/rp2_common/pico_standard_binary_info/standard_binary_info.c.o
 .binary_info.keep.__bi_ptr34
                0x000000001000c920        0x4 CMakeFiles/adc_fft.dir/pico-sdk/src/rp2_common/pico_standard_binary_info/standard_binary_info.c.o
 .binary_info.keep.__bi_ptr42
                0x000000001000c924        0x4 CMakeFiles/adc_fft.dir/pico-sdk/src/rp2_common/pico_standard_binary_info/standard_binary_info.c.o
 .binary_info.keep.__bi_ptr48
                0x000000001000c928        0x4 CMakeFiles/adc_fft.dir/pico-sdk/src/rp2_common/pico_standard_binary_info/standard_binary_info.c.o
 .binary_info.keep.__bi_ptr54
                0x000000001000c92c        0x4 CMakeFiles/adc_fft.dir/pico-sdk/src/rp2_common/pico_standard_binary_info/standard_binary_info.c.o
 .binary_info.keep.__bi_ptr78
                0x000000001000c930        0x4 CMakeFiles/adc_fft.dir/pico-sdk/src/rp2_common/pico_standard_binary_info/standard_binary_info.c.o
 .binary_info.keep.__bi_ptr84
                0x000000001000c934        0x4 CMakeFiles/adc_fft.dir/pico-sdk/src/rp2_common/pico_standard_binary_info/standard_binary_info.c.o
 *(.binary_info.*)
 .binary_info.__bi_ptr45
                0x000000001000c938        0x4 CMakeFiles/adc_fft.dir/pico-sdk/src/rp2_common/pico_stdio_uart/stdio_uart.c.o
 .binary_info.__bi_ptr49
                0x000000001000c93c        0x4 CMakeFiles/adc_fft.dir/pico-sdk/src/rp2_common/pico_stdio_uart/stdio_uart.c.o
 .binary_info.__bi_ptr50
                0x000000001000c940        0x4 CMakeFiles/adc_fft.dir/pico-sdk/src/rp2_common/pico_stdio_uart/stdio_uart.c.o
 .binary_info.__bi_ptr197
                0x000000001000c944        0x4 CMakeFiles/adc_fft.dir/pico-sdk/src/rp2_common/pico_stdio_usb/stdio_usb.c.o
                0x000000001000c948                __binary_info_end = .

.rel.dyn        0x000000001000c948        0x0
 .rel.iplt      0x000000001000c948        0x0 /usr/lib/gcc/arm-none-eabi/9.2.1/thumb/v6-m/nofp/crtbegin.o
                0x000000001000c948                . = ALIGN (0x4)

.ram_vector_table
                0x0000000020000000       0xc0
 *(.ram_vector_table)
 .ram_vector_table
                0x0000000020000000       0xc0 CMakeFiles/adc_fft.dir/pico-sdk/src/rp2_common/pico_runtime_init/runtime_init.c.o
                0x0000000020000000                ram_vector_table

.uninitialized_data
                0x00000000200000c0        0x0
                0x00000000200000c0                . = ALIGN (0x4)
 *(.uninitialized_data*)

.data           0x00000000200000c0     0x18d8 load address 0x000000001000c948
                0x00000000200000c0                __data_start__ = .
 *(vtable)
 *(.time_critical*)
 .time_critical.mutex_try_enter
                0x00000000200000c0       0x48 CMakeFiles/adc_fft.dir/pico-sdk/src/common/pico_sync/mutex.c.o
                0x00000000200000c0                mutex_try_enter
 .time_critical.mutex_try_enter_block_until
                0x0000000020000108       0xb0 CMakeFiles/adc_fft.dir/pico-sdk/src/common/pico_sync/mutex.c.o
                0x0000000020000108                mutex_try_enter_block_until
 .time_critical.mutex_enter_timeout_ms
                0x00000000200001b8       0x90 CMakeFiles/adc_fft.dir/pico-sdk/src/common/pico_sync/mutex.c.o
                0x00000000200001b8                mutex_enter_timeout_ms
 .time_critical.mutex_exit
                0x0000000020000248       0x28 CMakeFiles/adc_fft.dir/pico-sdk/src/common/pico_sync/mutex.c.o
                0x0000000020000248                mutex_exit
 .time_critical.flash_init_boot2_copyout
                0x0000000020000270       0x30 CMakeFiles/adc_fft.dir/pico-sdk/src/rp2_common/hardware_flash/flash.c.o
 .time_critical.flash_enable_xip_via_boot2
                0x00000000200002a0       0x10 CMakeFiles/adc_fft.dir/pico-sdk/src/rp2_common/hardware_flash/flash.c.o
 .time_critical.flash_cs_force
                0x00000000200002b0       0x38 CMakeFiles/adc_fft.dir/pico-sdk/src/rp2_common/hardware_flash/flash.c.o
 .time_critical.flash_do_cmd
                0x00000000200002e8       0xc4 CMakeFiles/adc_fft.dir/pico-sdk/src/rp2_common/hardware_flash/flash.c.o
                0x00000000200002e8                flash_do_cmd
 .time_critical.reset_non_control_endpoints
                0x00000000200003ac       0xbc CMakeFiles/adc_fft.dir/pico-sdk/lib/tinyusb/src/portable/raspberrypi/rp2040/dcd_rp2040.c.o
 .time_critical.hw_handle_buff_status
                0x0000000020000468       0xb4 CMakeFiles/adc_fft.dir/pico-sdk/lib/tinyusb/src/portable/raspberrypi/rp2040/dcd_rp2040.c.o
 .time_critical.dcd_rp2040_irq
                0x000000002000051c      0x59c CMakeFiles/adc_fft.dir/pico-sdk/lib/tinyusb/src/portable/raspberrypi/rp2040/dcd_rp2040.c.o
 .time_critical.prepare_ep_buffer
                0x0000000020000ab8      0x100 CMakeFiles/adc_fft.dir/pico-sdk/lib/tinyusb/src/portable/raspberrypi/rp2040/rp2040_usb.c.o
 .time_critical.sync_ep_buffer
                0x0000000020000bb8       0xbc CMakeFiles/adc_fft.dir/pico-sdk/lib/tinyusb/src/portable/raspberrypi/rp2040/rp2040_usb.c.o
 .time_critical._hw_endpoint_xfer_sync
                0x0000000020000c74       0x28 CMakeFiles/adc_fft.dir/pico-sdk/lib/tinyusb/src/portable/raspberrypi/rp2040/rp2040_usb.c.o
 .time_critical.e15_is_bulkin_ep
                0x0000000020000c9c       0x28 CMakeFiles/adc_fft.dir/pico-sdk/lib/tinyusb/src/portable/raspberrypi/rp2040/rp2040_usb.c.o
 .time_critical.e15_is_critical_frame_period
                0x0000000020000cc4       0x38 CMakeFiles/adc_fft.dir/pico-sdk/lib/tinyusb/src/portable/raspberrypi/rp2040/rp2040_usb.c.o
 .time_critical.hw_endpoint_reset_transfer
                0x0000000020000cfc        0xc CMakeFiles/adc_fft.dir/pico-sdk/lib/tinyusb/src/portable/raspberrypi/rp2040/rp2040_usb.c.o
                0x0000000020000cfc                hw_endpoint_reset_transfer
 .time_critical._hw_endpoint_buffer_control_update32
                0x0000000020000d08       0x50 CMakeFiles/adc_fft.dir/pico-sdk/lib/tinyusb/src/portable/raspberrypi/rp2040/rp2040_usb.c.o
                0x0000000020000d08                _hw_endpoint_buffer_control_update32
 .time_critical.hw_endpoint_start_next_buffer
                0x0000000020000d58       0x6c CMakeFiles/adc_fft.dir/pico-sdk/lib/tinyusb/src/portable/raspberrypi/rp2040/rp2040_usb.c.o
                0x0000000020000d58                hw_endpoint_start_next_buffer
 .time_critical.hw_endpoint_xfer_continue
                0x0000000020000dc4       0x40 CMakeFiles/adc_fft.dir/pico-sdk/lib/tinyusb/src/portable/raspberrypi/rp2040/rp2040_usb.c.o
                0x0000000020000dc4                hw_endpoint_xfer_continue
 .time_critical.tinyusb
                0x0000000020000e04      0x1f0 CMakeFiles/adc_fft.dir/pico-sdk/lib/tinyusb/src/device/usbd.c.o
                0x0000000020000e04                dcd_event_handler
 *(.text*)
 .text          0x0000000020000ff4        0x4 /usr/lib/gcc/arm-none-eabi/9.2.1/thumb/v6-m/nofp/libgcc.a(_dvmd_tls.o)
                0x0000000020000ff4                __aeabi_ldiv0
                0x0000000020000ff4                __aeabi_idiv0
 .text.__stub   0x0000000020000ff8       0x80 linker stubs
                0x0000000020001078                . = ALIGN (0x4)
 *(.rodata*)
                0x0000000020001078                . = ALIGN (0x4)
 *(.data*)
 .data.striped_spin_lock_num
                0x0000000020001078        0x1 CMakeFiles/adc_fft.dir/pico-sdk/src/rp2_common/hardware_sync/sync.c.o
 *fill*         0x0000000020001079        0x3 
 .data          0x000000002000107c       0x48 CMakeFiles/adc_fft.dir/pico-sdk/src/rp2_common/hardware_irq/irq_handler_chain.S.o
                0x000000002000107c                irq_handler_chain_slots
                0x00000000200010ac                irq_handler_chain_first_slot
                0x00000000200010b6                irq_handler_chain_remove_tail
 .data.default_alarm_pool
                0x00000000200010c4       0x18 CMakeFiles/adc_fft.dir/pico-sdk/src/common/pico_time/time.c.o
 *fill*         0x00000000200010dc        0x4 
 .data.aeabi_bits_funcs
                0x00000000200010e0       0x10 CMakeFiles/adc_fft.dir/pico-sdk/src/rp2_common/pico_bit_ops/bit_ops_aeabi.S.o
                0x00000000200010e0                aeabi_bits_funcs
                0x00000000200010f0                aeabi_bits_funcs_end
 .data.aeabi_mem_funcs
                0x00000000200010f0       0x10 CMakeFiles/adc_fft.dir/pico-sdk/src/rp2_common/pico_mem_ops/mem_ops_aeabi.S.o
                0x00000000200010f0                aeabi_mem_funcs
                0x0000000020001100                aeabi_mem_funcs_end
 .data.stdio_uart
                0x0000000020001100       0x18 CMakeFiles/adc_fft.dir/pico-sdk/src/rp2_common/pico_stdio_uart/stdio_uart.c.o
                0x0000000020001100                stdio_uart
 .data.stdio_usb
                0x0000000020001118       0x18 CMakeFiles/adc_fft.dir/pico-sdk/src/rp2_common/pico_stdio_usb/stdio_usb.c.o
                0x0000000020001118                stdio_usb
 .data._usbd_qdef
                0x0000000020001130       0x1c CMakeFiles/adc_fft.dir/pico-sdk/lib/tinyusb/src/device/usbd.c.o
                0x0000000020001130                _usbd_qdef
 .data._usbd_rhport
                0x000000002000114c        0x1 CMakeFiles/adc_fft.dir/pico-sdk/lib/tinyusb/src/device/usbd.c.o
 *fill*         0x000000002000114d        0x3 
 .data          0x0000000020001150      0x430 /usr/lib/gcc/arm-none-eabi/9.2.1/../../../arm-none-eabi/lib/thumb/v6-m/nofp/libg.a(lib_a-impure.o)
                0x0000000020001150                _impure_ptr
 .data          0x0000000020001580      0x410 /usr/lib/gcc/arm-none-eabi/9.2.1/../../../arm-none-eabi/lib/thumb/v6-m/nofp/libg.a(lib_a-mallocr.o)
                0x0000000020001580                __malloc_sbrk_base
                0x0000000020001584                __malloc_trim_threshold
                0x0000000020001588                __malloc_av_
                0x0000000020001990                . = ALIGN (0x4)
 *(.after_data.*)
                0x0000000020001990                . = ALIGN (0x4)
                0x0000000020001990                PROVIDE (__mutex_array_start = .)
 *(SORT_BY_NAME(.mutex_array.*))
 *(.mutex_array)
 .mutex_array   0x0000000020001990        0x8 CMakeFiles/adc_fft.dir/pico-sdk/src/rp2_common/pico_stdio/stdio.c.o
                0x0000000020001998                PROVIDE (__mutex_array_end = .)
                0x0000000020001998                . = ALIGN (0x4)
 *(.jcr)
                0x0000000020001998                . = ALIGN (0x4)

.tm_clone_table
                0x0000000020001998        0x0 load address 0x000000001000e220
 .tm_clone_table
                0x0000000020001998        0x0 /usr/lib/gcc/arm-none-eabi/9.2.1/thumb/v6-m/nofp/crtbegin.o
 .tm_clone_table
                0x0000000020001998        0x0 /usr/lib/gcc/arm-none-eabi/9.2.1/thumb/v6-m/nofp/crtend.o

.igot.plt       0x0000000020001998        0x0 load address 0x000000001000e220
 .igot.plt      0x0000000020001998        0x0 /usr/lib/gcc/arm-none-eabi/9.2.1/thumb/v6-m/nofp/crtbegin.o

.tdata          0x0000000020001998        0x0 load address 0x000000001000e220
                0x0000000020001998                . = ALIGN (0x4)
 *(.tdata .tdata.* .gnu.linkonce.td.*)
                0x0000000020001998                __tdata_end = .
                0x0000000020001998                PROVIDE (__data_end__ = .)
                0x000000001000c948                __etext = LOADADDR (.data)

.tbss           0x0000000020001998        0x0 load address 0x000000001000e220
                0x0000000020001998                . = ALIGN (0x4)
                0x0000000020001998                __bss_start__ = .
                0x0000000020001998                __tls_base = .
 *(.tbss .tbss.* .gnu.linkonce.tb.*)
 *(.tcommon)
                0x0000000020001998                __tls_end = .

.bss            0x0000000020001998     0x2074 load address 0x000000001000e220
                0x0000000020001998                . = ALIGN (0x4)
                0x0000000020001998                __tbss_end = .
 *(SORT_BY_ALIGNMENT(SORT_BY_NAME(.bss*)))
 .bss.default_alarm_pool_entries
                0x0000000020001998      0x180 CMakeFiles/adc_fft.dir/pico-sdk/src/common/pico_time/time.c.o
 .bss.last_avail_time.7821
                0x0000000020001b18        0x8 CMakeFiles/adc_fft.dir/pico-sdk/src/rp2_common/pico_stdio_usb/stdio_usb.c.o
 .bss           0x0000000020001b20       0x1c /usr/lib/gcc/arm-none-eabi/9.2.1/thumb/v6-m/nofp/crtbegin.o
 .bss           0x0000000020001b3c       0x34 /usr/lib/gcc/arm-none-eabi/9.2.1/../../../arm-none-eabi/lib/thumb/v6-m/nofp/libg.a(lib_a-mallocr.o)
                0x0000000020001b3c                __malloc_top_pad
                0x0000000020001b40                __malloc_current_mallinfo
                0x0000000020001b68                __malloc_max_sbrked_mem
                0x0000000020001b6c                __malloc_max_total_mem
 .bss._app_driver
                0x0000000020001b70        0x4 CMakeFiles/adc_fft.dir/pico-sdk/lib/tinyusb/src/device/usbd.c.o
 .bss._cdcd_fifo_cfg
                0x0000000020001b74        0x1 CMakeFiles/adc_fft.dir/pico-sdk/lib/tinyusb/src/class/cdc/cdc_device.c.o
 *fill*         0x0000000020001b75        0x3 
 .bss._cdcd_itf
                0x0000000020001b78      0x2c8 CMakeFiles/adc_fft.dir/pico-sdk/lib/tinyusb/src/class/cdc/cdc_device.c.o
 .bss._ctrl_xfer
                0x0000000020001e40       0x14 CMakeFiles/adc_fft.dir/pico-sdk/lib/tinyusb/src/device/usbd_control.c.o
 .bss._ubsd_mutexdef
                0x0000000020001e54        0x8 CMakeFiles/adc_fft.dir/pico-sdk/lib/tinyusb/src/device/usbd.c.o
 .bss._usbd_ctrl_buf
                0x0000000020001e5c       0x40 CMakeFiles/adc_fft.dir/pico-sdk/lib/tinyusb/src/device/usbd_control.c.o
 .bss._usbd_dev
                0x0000000020001e9c       0x54 CMakeFiles/adc_fft.dir/pico-sdk/lib/tinyusb/src/device/usbd.c.o
 .bss._usbd_mutex
                0x0000000020001ef0        0x4 CMakeFiles/adc_fft.dir/pico-sdk/lib/tinyusb/src/device/usbd.c.o
 .bss._usbd_q   0x0000000020001ef4        0x4 CMakeFiles/adc_fft.dir/pico-sdk/lib/tinyusb/src/device/usbd.c.o
 .bss._vendord_itf
                0x0000000020001ef8      0x2cc CMakeFiles/adc_fft.dir/pico-sdk/lib/tinyusb/src/class/vendor/vendor_device.c.o
 .bss.boot2_copyout
                0x00000000200021c4      0x100 CMakeFiles/adc_fft.dir/pico-sdk/src/rp2_common/hardware_flash/flash.c.o
 .bss.chars_available_callback
                0x00000000200022c4        0x4 CMakeFiles/adc_fft.dir/pico-sdk/src/rp2_common/pico_stdio_uart/stdio_uart.c.o
 .bss.chars_available_callback
                0x00000000200022c8        0x4 CMakeFiles/adc_fft.dir/pico-sdk/src/rp2_common/pico_stdio_usb/stdio_usb.c.o
 .bss.chars_available_param
                0x00000000200022cc        0x4 CMakeFiles/adc_fft.dir/pico-sdk/src/rp2_common/pico_stdio_uart/stdio_uart.c.o
 .bss.chars_available_param
                0x00000000200022d0        0x4 CMakeFiles/adc_fft.dir/pico-sdk/src/rp2_common/pico_stdio_usb/stdio_usb.c.o
 .bss.claimed   0x00000000200022d4        0x4 CMakeFiles/adc_fft.dir/pico-sdk/src/rp2_common/hardware_sync/sync.c.o
 .bss.claimed   0x00000000200022d8        0x1 CMakeFiles/adc_fft.dir/pico-sdk/src/rp2_common/hardware_timer/timer.c.o
 *fill*         0x00000000200022d9        0x3 
 .bss.configured_freq
                0x00000000200022dc       0x28 CMakeFiles/adc_fft.dir/pico-sdk/src/rp2_common/hardware_clocks/clocks.c.o
 .bss.desc_str.7419
                0x0000000020002304       0x28 CMakeFiles/adc_fft.dir/pico-sdk/src/rp2_common/pico_stdio_usb/stdio_usb_descriptors.c.o
 .bss.drivers   0x000000002000232c        0x4 CMakeFiles/adc_fft.dir/pico-sdk/src/rp2_common/pico_stdio/stdio.c.o
 .bss.e15_last_sof
                0x0000000020002330        0x4 CMakeFiles/adc_fft.dir/pico-sdk/lib/tinyusb/src/portable/raspberrypi/rp2040/rp2040_usb.c.o
                0x0000000020002330                e15_last_sof
 .bss.filter    0x0000000020002334        0x4 CMakeFiles/adc_fft.dir/pico-sdk/src/rp2_common/pico_stdio/stdio.c.o
 .bss.heap_end.6366
                0x0000000020002338        0x4 CMakeFiles/adc_fft.dir/pico-sdk/src/rp2_common/pico_clib_interface/newlib_interface.c.o
 .bss.hw_endpoints
                0x000000002000233c      0x400 CMakeFiles/adc_fft.dir/pico-sdk/lib/tinyusb/src/portable/raspberrypi/rp2040/dcd_rp2040.c.o
 .bss.lazy_vsnprintf
                0x000000002000273c        0x4 CMakeFiles/adc_fft.dir/pico-sdk/src/rp2_common/pico_printf/printf.c.o
 .bss.load_value
                0x0000000020002740        0x4 CMakeFiles/adc_fft.dir/pico-sdk/src/rp2_common/hardware_watchdog/watchdog.c.o
 .bss.next_buffer_ptr
                0x0000000020002744        0x4 CMakeFiles/adc_fft.dir/pico-sdk/lib/tinyusb/src/portable/raspberrypi/rp2040/dcd_rp2040.c.o
 .bss.one_shot_timer_crit_sec
                0x0000000020002748        0x8 CMakeFiles/adc_fft.dir/pico-sdk/src/rp2_common/pico_stdio_usb/stdio_usb.c.o
 .bss.pools     0x0000000020002750       0x10 CMakeFiles/adc_fft.dir/pico-sdk/src/common/pico_time/time.c.o
 .bss.retrieved_id